
   PASS  Tests\Unit\BotDetectionTest
  ✓ Googlebot is detected as bot                                         0.01s  
  ✓ Bingbot is detected as bot
  ✓ crawler UA is detected as bot
  ✓ spider UA is detected as bot
  ✓ Yahoo Slurp is detected as bot
  ✓ curl is detected as bot
  ✓ wget is detected as bot
  ✓ iPhone UA is classified as mobile
  ✓ Android Mobile UA is classified as mobile
  ✓ iPad UA is classified as tablet
  ✓ narrow screen width is classified as mobile
  ✓ desktop Chrome UA is classified as desktop

   PASS  Tests\Unit\ExampleTest
  ✓ that true is true                                                    0.03s  

   FAIL  Tests\Unit\NotificationServiceTest
  ⨯ sends in-app notification when in_app is true                        0.02s  
  ⨯ sends email when email is true
  ⨯ sends both in-app and email when both flags are true
  ⨯ sends nothing when both flags are false
  ⨯ defaults to in_app=true email=true when no preference row exists
  ⨯ sets email_sent_at on the notification row after email dispatch

   WARN  Tests\Unit\QuotaTest
  ✓ daily event quota key format matches expected pattern                0.01s  
  ✓ monthly analysis quota key format matches expected pattern
  ✓ daily quota key changes each day
  ✓ monthly quota key changes each month
  ✓ quota keys are namespaced and do not collide between types           0.03s  
  - Redis INCR increments counter and value is readable → Redis extension not available

   PASS  Tests\Unit\WebhookSignatureTest
  ✓ webhook signature is sha256 hmac of json body with secret            0.01s  
  ✓ different secrets produce different signatures
  ✓ different payloads produce different signatures with same secret
  ✓ signature is deterministic for same payload and secret
  ✓ signature header format is sha256={hex}
﻿﻿﻿﻿﻿﻿
   FAIL  Tests\Feature\AI\AiAnalysisTest
  ⨯ ai quota endpoint returns remaining quota
  ⨯ ai segments endpoint returns list or empty array
  ⨯ ai suggestions endpoint returns list or empty array
  ⨯ ai analyze returns 202 accepted when quota available
  ⨯ ai chat returns 503 phase 2 stub
  ⨯ cannot access ai endpoints for another users domain
﻿﻿﻿﻿﻿﻿﻿﻿
   FAIL  Tests\Feature\Admin\AdminTest
  ⨯ superadmin can list users
  ⨯ regular user cannot access admin users list
  ⨯ superadmin can block a user
  ⨯ superadmin can unblock a user
  ⨯ superadmin can impersonate a user
  ⨯ superadmin can end impersonation
  ⨯ superadmin can view admin stats
  ⨯ regular user cannot access admin stats
﻿﻿﻿﻿﻿
   FAIL  Tests\Feature\Alerts\AlertRuleTest
  ⨯ can list alert rules for a domain
  ⨯ can create an alert rule
  ⨯ can update an alert rule
  ⨯ can delete an alert rule
  ⨯ cannot manage alert rules for another users domain
﻿﻿﻿﻿﻿﻿﻿﻿﻿﻿﻿﻿﻿﻿﻿
   FAIL  Tests\Feature\Analytics\AnalyticsTest
  ⨯ GET /api/domains/{domain}/analytics/stats → it requires authentication
  ⨯ GET /api/domains/{domain}/analytics/stats → it returns 404 for a domain owned by another user
  ⨯ GET /api/domains/{domain}/analytics/stats → it validates date inputs
  ⨯ GET /api/domains/{domain}/analytics/stats → it rejects end date before start date
  ⨯ GET /api/domains/{domain}/analytics/stats → it rejects invalid granularity
  ⨯ GET /api/domains/{domain}/analytics/stats → it returns summary and timeseries from analytics service
  ⨯ GET /api/domains/{domain}/analytics/pages → it requires authentication
  ⨯ GET /api/domains/{domain}/analytics/pages → it returns 404 for unowned domain
  ⨯ GET /api/domains/{domain}/analytics/pages → it returns page data from analytics service
  ⨯ GET /api/domains/{domain}/analytics/referrers → it returns referrer data from analytics service
  ⨯ GET /api/domains/{domain}/analytics/devices → it returns device breakdown
  ⨯ GET /api/domains/{domain}/analytics/geo → it returns geographic breakdown
  ⨯ GET /api/domains/{domain}/analytics/custom-events → it returns custom event data
  ⨯ GET /api/domains/{domain}/analytics/realtime → it requires authentication
  ⨯ GET /api/domains/{domain}/analytics/realtime → it returns active visitor count from redis
﻿﻿﻿﻿﻿﻿﻿﻿﻿﻿﻿
   FAIL  Tests\Feature\Auth\AuthTest
  ⨯ user can register with valid data
  ⨯ registration fails with duplicate email
  ⨯ registration fails with short password
  ⨯ user can login with valid credentials
  ⨯ login fails with wrong password
  ⨯ suspended user cannot login
  ⨯ login returns two_factor flag when 2fa is enabled
  ⨯ authenticated user can logout
  ⨯ authenticated user can view profile
  ⨯ unauthenticated request is rejected
  ⨯ user can update profile
﻿﻿﻿﻿﻿﻿﻿﻿﻿﻿﻿﻿﻿﻿﻿
   FAIL  Tests\Feature\Domain\DomainTest
  ⨯ user can list their domains
  ⨯ user can create a domain
  ⨯ domain is normalised to lowercase
  ⨯ duplicate domain for same user is rejected
  ⨯ domain limit is enforced
  ⨯ user can update domain settings
  ⨯ user cannot access another user's domain
  ⨯ user can delete their domain
  ⨯ user can rotate script token
  ⨯ verify-script returns false when no beacon received
  ⨯ verify-script returns true when cache beacon present
  ⨯ snippet endpoint returns html with token
  ⨯ user can add an ip exclusion
  ⨯ user can list exclusions
  ⨯ user can delete an exclusion
﻿
   FAIL  Tests\Feature\ExampleTest
  ⨯ the application returns a successful response                        4.51s  
﻿﻿﻿﻿
   FAIL  Tests\Feature\Export\ExportTest
  ⨯ can request an export
  ⨯ can list export jobs
  ⨯ export job is scoped to authenticated user
  ⨯ cannot download export belonging to another user
﻿﻿﻿﻿﻿﻿﻿
   FAIL  Tests\Feature\Notifications\NotificationTest
  ⨯ can list notifications
  ⨯ can mark a notification as read
  ⨯ can mark all notifications as read
  ⨯ can delete a notification
  ⨯ can get notification preferences
  ⨯ can update notification preferences
  ⨯ cannot access another users notifications
﻿﻿﻿﻿﻿﻿
   FAIL  Tests\Feature\SharedReports\SharedReportTest
  ⨯ can create a shared report link
  ⨯ public report endpoint returns 200 for valid token
  ⨯ public report endpoint returns 404 for invalid token
  ⨯ public report endpoint returns 410 or 404 for expired token
  ⨯ can list shared reports
  ⨯ can delete a shared report
﻿﻿﻿﻿﻿﻿﻿﻿﻿
   FAIL  Tests\Feature\Tracker\TrackerTest
  ⨯ valid pageview is accepted and queued
  ⨯ missing token returns 400
  ⨯ unknown token returns 401
  ⨯ inactive domain returns 401
  ⨯ grace-period previous token is accepted
  ⨯ expired previous token is rejected
  ⨯ first hit marks script as verified in cache
  ⨯ cors preflight returns 204 with correct headers
  ⨯ custom event is queued with props
﻿﻿﻿﻿﻿﻿
   FAIL  Tests\Feature\Webhooks\WebhookTest
  ⨯ can list webhooks for a domain
  ⨯ can create a webhook
  ⨯ webhook secret is auto-generated on creation
  ⨯ can update a webhook
  ⨯ can delete a webhook
  ⨯ cannot manage webhooks for another users domain
  ────────────────────────────────────────────────────────────────────────────  
   FAILED  Tests\Unit\NotificationServiceTest > sends in-app noti…  TypeError   
  Illuminate\Support\Testing\Fakes\EventFake::__construct(): Argument #1 ($dispatcher) must be of type Illuminate\Contracts\Events\Dispatcher, null given, called in H:\coupons\githubs\eye\backend\vendor\laravel\framework\src\Illuminate\Support\Facades\Event.php on line 58

  at vendor\laravel\framework\src\Illuminate\Support\Testing\Fakes\EventFake.php:55
     51▕      *
     52▕      * @param  \Illuminate\Contracts\Events\Dispatcher  $dispatcher
     53▕      * @param  array|string  $eventsToFake
     54▕      */
  ➜  55▕     public function __construct(Dispatcher $dispatcher, $eventsToFake = [])
     56▕     {
     57▕         $this->dispatcher = $dispatcher;
     58▕ 
     59▕         $this->eventsToFake = Arr::wrap($eventsToFake);

  1   vendor\laravel\framework\src\Illuminate\Support\Testing\Fakes\EventFake.php:55
  2   vendor\laravel\framework\src\Illuminate\Support\Facades\Event.php:58

  ────────────────────────────────────────────────────────────────────────────  
   FAILED  Tests\Unit\NotificationServiceTest > sends email when…   TypeError   
  Illuminate\Support\Testing\Fakes\EventFake::__construct(): Argument #1 ($dispatcher) must be of type Illuminate\Contracts\Events\Dispatcher, null given, called in H:\coupons\githubs\eye\backend\vendor\laravel\framework\src\Illuminate\Support\Facades\Event.php on line 58

  at vendor\laravel\framework\src\Illuminate\Support\Testing\Fakes\EventFake.php:55
     51▕      *
     52▕      * @param  \Illuminate\Contracts\Events\Dispatcher  $dispatcher
     53▕      * @param  array|string  $eventsToFake
     54▕      */
  ➜  55▕     public function __construct(Dispatcher $dispatcher, $eventsToFake = [])
     56▕     {
     57▕         $this->dispatcher = $dispatcher;
     58▕ 
     59▕         $this->eventsToFake = Arr::wrap($eventsToFake);

  1   vendor\laravel\framework\src\Illuminate\Support\Testing\Fakes\EventFake.php:55
  2   vendor\laravel\framework\src\Illuminate\Support\Facades\Event.php:58

  ────────────────────────────────────────────────────────────────────────────  
   FAILED  Tests\Unit\NotificationServiceTest > sends both in-app…  TypeError   
  Illuminate\Support\Testing\Fakes\EventFake::__construct(): Argument #1 ($dispatcher) must be of type Illuminate\Contracts\Events\Dispatcher, null given, called in H:\coupons\githubs\eye\backend\vendor\laravel\framework\src\Illuminate\Support\Facades\Event.php on line 58

  at vendor\laravel\framework\src\Illuminate\Support\Testing\Fakes\EventFake.php:55
     51▕      *
     52▕      * @param  \Illuminate\Contracts\Events\Dispatcher  $dispatcher
     53▕      * @param  array|string  $eventsToFake
     54▕      */
  ➜  55▕     public function __construct(Dispatcher $dispatcher, $eventsToFake = [])
     56▕     {
     57▕         $this->dispatcher = $dispatcher;
     58▕ 
     59▕         $this->eventsToFake = Arr::wrap($eventsToFake);

  1   vendor\laravel\framework\src\Illuminate\Support\Testing\Fakes\EventFake.php:55
  2   vendor\laravel\framework\src\Illuminate\Support\Facades\Event.php:58

  ────────────────────────────────────────────────────────────────────────────  
   FAILED  Tests\Unit\NotificationServiceTest > sends nothing whe…  TypeError   
  Illuminate\Support\Testing\Fakes\EventFake::__construct(): Argument #1 ($dispatcher) must be of type Illuminate\Contracts\Events\Dispatcher, null given, called in H:\coupons\githubs\eye\backend\vendor\laravel\framework\src\Illuminate\Support\Facades\Event.php on line 58

  at vendor\laravel\framework\src\Illuminate\Support\Testing\Fakes\EventFake.php:55
     51▕      *
     52▕      * @param  \Illuminate\Contracts\Events\Dispatcher  $dispatcher
     53▕      * @param  array|string  $eventsToFake
     54▕      */
  ➜  55▕     public function __construct(Dispatcher $dispatcher, $eventsToFake = [])
     56▕     {
     57▕         $this->dispatcher = $dispatcher;
     58▕ 
     59▕         $this->eventsToFake = Arr::wrap($eventsToFake);

  1   vendor\laravel\framework\src\Illuminate\Support\Testing\Fakes\EventFake.php:55
  2   vendor\laravel\framework\src\Illuminate\Support\Facades\Event.php:58

  ────────────────────────────────────────────────────────────────────────────  
   FAILED  Tests\Unit\NotificationServiceTest > defaults to in_ap…  TypeError   
  Illuminate\Support\Testing\Fakes\EventFake::__construct(): Argument #1 ($dispatcher) must be of type Illuminate\Contracts\Events\Dispatcher, null given, called in H:\coupons\githubs\eye\backend\vendor\laravel\framework\src\Illuminate\Support\Facades\Event.php on line 58

  at vendor\laravel\framework\src\Illuminate\Support\Testing\Fakes\EventFake.php:55
     51▕      *
     52▕      * @param  \Illuminate\Contracts\Events\Dispatcher  $dispatcher
     53▕      * @param  array|string  $eventsToFake
     54▕      */
  ➜  55▕     public function __construct(Dispatcher $dispatcher, $eventsToFake = [])
     56▕     {
     57▕         $this->dispatcher = $dispatcher;
     58▕ 
     59▕         $this->eventsToFake = Arr::wrap($eventsToFake);

  1   vendor\laravel\framework\src\Illuminate\Support\Testing\Fakes\EventFake.php:55
  2   vendor\laravel\framework\src\Illuminate\Support\Facades\Event.php:58

  ────────────────────────────────────────────────────────────────────────────  
   FAILED  Tests\Unit\NotificationServiceTest > sets email_sent_a…  TypeError   
  Illuminate\Support\Testing\Fakes\EventFake::__construct(): Argument #1 ($dispatcher) must be of type Illuminate\Contracts\Events\Dispatcher, null given, called in H:\coupons\githubs\eye\backend\vendor\laravel\framework\src\Illuminate\Support\Facades\Event.php on line 58

  at vendor\laravel\framework\src\Illuminate\Support\Testing\Fakes\EventFake.php:55
     51▕      *
     52▕      * @param  \Illuminate\Contracts\Events\Dispatcher  $dispatcher
     53▕      * @param  array|string  $eventsToFake
     54▕      */
  ➜  55▕     public function __construct(Dispatcher $dispatcher, $eventsToFake = [])
     56▕     {
     57▕         $this->dispatcher = $dispatcher;
     58▕ 
     59▕         $this->eventsToFake = Arr::wrap($eventsToFake);

  1   vendor\laravel\framework\src\Illuminate\Support\Testing\Fakes\EventFake.php:55
  2   vendor\laravel\framework\src\Illuminate\Support\Facades\Event.php:58

  ────────────────────────────────────────────────────────────────────────────  
   FAILED  Tests\Feature\AI\AiAnalysisTest > ai quota endpoi…  QueryException   
  SQLSTATE[08006] [7] could not translate host name "postgresql" to address: Unknown host (Connection: pgsql, Host: postgresql, Port: 5432, Database: eye, SQL: select exists (select 1 from pg_class c, pg_namespace n where n.nspname = current_schema() and c.relname = 'migrations' and c.relkind in ('r', 'p') and n.oid = c.relnamespace))

  at vendor\laravel\framework\src\Illuminate\Database\Connectors\Connector.php:66
     62▕      */
     63▕     protected function createPdoConnection($dsn, $username, #[\SensitiveParameter] $password, $options)
     64▕     {
     65▕         return version_compare(PHP_VERSION, '8.4.0', '<')
  ➜  66▕             ? new PDO($dsn, $username, $password, $options)
     67▕             : PDO::connect($dsn, $username, $password, $options); /** @phpstan-ignore staticMethod.notFound (PHP 8.4) */
     68▕     }
     69▕ 
     70▕     /**

  1   vendor\laravel\framework\src\Illuminate\Database\Connectors\Connector.php:66
  2   vendor\laravel\framework\src\Illuminate\Database\Connectors\Connector.php:85

  ────────────────────────────────────────────────────────────────────────────  
   FAILED  Tests\Feature\AI\AiAnalysisTest > ai segments end…  QueryException   
  SQLSTATE[08006] [7] could not translate host name "postgresql" to address: Unknown host (Connection: pgsql, Host: postgresql, Port: 5432, Database: eye, SQL: select exists (select 1 from pg_class c, pg_namespace n where n.nspname = current_schema() and c.relname = 'migrations' and c.relkind in ('r', 'p') and n.oid = c.relnamespace))

  at vendor\laravel\framework\src\Illuminate\Database\Connectors\Connector.php:66
     62▕      */
     63▕     protected function createPdoConnection($dsn, $username, #[\SensitiveParameter] $password, $options)
     64▕     {
     65▕         return version_compare(PHP_VERSION, '8.4.0', '<')
  ➜  66▕             ? new PDO($dsn, $username, $password, $options)
     67▕             : PDO::connect($dsn, $username, $password, $options); /** @phpstan-ignore staticMethod.notFound (PHP 8.4) */
     68▕     }
     69▕ 
     70▕     /**

  1   vendor\laravel\framework\src\Illuminate\Database\Connectors\Connector.php:66
  2   vendor\laravel\framework\src\Illuminate\Database\Connectors\Connector.php:85

  ────────────────────────────────────────────────────────────────────────────  
   FAILED  Tests\Feature\AI\AiAnalysisTest > ai suggestions…   QueryException   
  SQLSTATE[08006] [7] could not translate host name "postgresql" to address: Unknown host (Connection: pgsql, Host: postgresql, Port: 5432, Database: eye, SQL: select exists (select 1 from pg_class c, pg_namespace n where n.nspname = current_schema() and c.relname = 'migrations' and c.relkind in ('r', 'p') and n.oid = c.relnamespace))

  at vendor\laravel\framework\src\Illuminate\Database\Connectors\Connector.php:66
     62▕      */
     63▕     protected function createPdoConnection($dsn, $username, #[\SensitiveParameter] $password, $options)
     64▕     {
     65▕         return version_compare(PHP_VERSION, '8.4.0', '<')
  ➜  66▕             ? new PDO($dsn, $username, $password, $options)
     67▕             : PDO::connect($dsn, $username, $password, $options); /** @phpstan-ignore staticMethod.notFound (PHP 8.4) */
     68▕     }
     69▕ 
     70▕     /**

  1   vendor\laravel\framework\src\Illuminate\Database\Connectors\Connector.php:66
  2   vendor\laravel\framework\src\Illuminate\Database\Connectors\Connector.php:85

  ────────────────────────────────────────────────────────────────────────────  
   FAILED  Tests\Feature\AI\AiAnalysisTest > ai analyze retu…  QueryException   
  SQLSTATE[08006] [7] could not translate host name "postgresql" to address: Unknown host (Connection: pgsql, Host: postgresql, Port: 5432, Database: eye, SQL: select exists (select 1 from pg_class c, pg_namespace n where n.nspname = current_schema() and c.relname = 'migrations' and c.relkind in ('r', 'p') and n.oid = c.relnamespace))

  at vendor\laravel\framework\src\Illuminate\Database\Connectors\Connector.php:66
     62▕      */
     63▕     protected function createPdoConnection($dsn, $username, #[\SensitiveParameter] $password, $options)
     64▕     {
     65▕         return version_compare(PHP_VERSION, '8.4.0', '<')
  ➜  66▕             ? new PDO($dsn, $username, $password, $options)
     67▕             : PDO::connect($dsn, $username, $password, $options); /** @phpstan-ignore staticMethod.notFound (PHP 8.4) */
     68▕     }
     69▕ 
     70▕     /**

  1   vendor\laravel\framework\src\Illuminate\Database\Connectors\Connector.php:66
  2   vendor\laravel\framework\src\Illuminate\Database\Connectors\Connector.php:85

  ────────────────────────────────────────────────────────────────────────────  
   FAILED  Tests\Feature\AI\AiAnalysisTest > ai chat returns…  QueryException   
  SQLSTATE[08006] [7] could not translate host name "postgresql" to address: Unknown host (Connection: pgsql, Host: postgresql, Port: 5432, Database: eye, SQL: select exists (select 1 from pg_class c, pg_namespace n where n.nspname = current_schema() and c.relname = 'migrations' and c.relkind in ('r', 'p') and n.oid = c.relnamespace))

  at vendor\laravel\framework\src\Illuminate\Database\Connectors\Connector.php:66
     62▕      */
     63▕     protected function createPdoConnection($dsn, $username, #[\SensitiveParameter] $password, $options)
     64▕     {
     65▕         return version_compare(PHP_VERSION, '8.4.0', '<')
  ➜  66▕             ? new PDO($dsn, $username, $password, $options)
     67▕             : PDO::connect($dsn, $username, $password, $options); /** @phpstan-ignore staticMethod.notFound (PHP 8.4) */
     68▕     }
     69▕ 
     70▕     /**

  1   vendor\laravel\framework\src\Illuminate\Database\Connectors\Connector.php:66
  2   vendor\laravel\framework\src\Illuminate\Database\Connectors\Connector.php:85

  ────────────────────────────────────────────────────────────────────────────  
   FAILED  Tests\Feature\AI\AiAnalysisTest > cannot access a…  QueryException   
  SQLSTATE[08006] [7] could not translate host name "postgresql" to address: Unknown host (Connection: pgsql, Host: postgresql, Port: 5432, Database: eye, SQL: select exists (select 1 from pg_class c, pg_namespace n where n.nspname = current_schema() and c.relname = 'migrations' and c.relkind in ('r', 'p') and n.oid = c.relnamespace))

  at vendor\laravel\framework\src\Illuminate\Database\Connectors\Connector.php:66
     62▕      */
     63▕     protected function createPdoConnection($dsn, $username, #[\SensitiveParameter] $password, $options)
     64▕     {
     65▕         return version_compare(PHP_VERSION, '8.4.0', '<')
  ➜  66▕             ? new PDO($dsn, $username, $password, $options)
     67▕             : PDO::connect($dsn, $username, $password, $options); /** @phpstan-ignore staticMethod.notFound (PHP 8.4) */
     68▕     }
     69▕ 
     70▕     /**

  1   vendor\laravel\framework\src\Illuminate\Database\Connectors\Connector.php:66
  2   vendor\laravel\framework\src\Illuminate\Database\Connectors\Connector.php:85

  ────────────────────────────────────────────────────────────────────────────  
   FAILED  Tests\Feature\Admin\AdminTest > superadmin can li…  QueryException   
  SQLSTATE[08006] [7] could not translate host name "postgresql" to address: Unknown host (Connection: pgsql, Host: postgresql, Port: 5432, Database: eye, SQL: select exists (select 1 from pg_class c, pg_namespace n where n.nspname = current_schema() and c.relname = 'migrations' and c.relkind in ('r', 'p') and n.oid = c.relnamespace))

  at vendor\laravel\framework\src\Illuminate\Database\Connectors\Connector.php:66
     62▕      */
     63▕     protected function createPdoConnection($dsn, $username, #[\SensitiveParameter] $password, $options)
     64▕     {
     65▕         return version_compare(PHP_VERSION, '8.4.0', '<')
  ➜  66▕             ? new PDO($dsn, $username, $password, $options)
     67▕             : PDO::connect($dsn, $username, $password, $options); /** @phpstan-ignore staticMethod.notFound (PHP 8.4) */
     68▕     }
     69▕ 
     70▕     /**

  1   vendor\laravel\framework\src\Illuminate\Database\Connectors\Connector.php:66
  2   vendor\laravel\framework\src\Illuminate\Database\Connectors\Connector.php:85

  ────────────────────────────────────────────────────────────────────────────  
   FAILED  Tests\Feature\Admin\AdminTest > regular user cann…  QueryException   
  SQLSTATE[08006] [7] could not translate host name "postgresql" to address: Unknown host (Connection: pgsql, Host: postgresql, Port: 5432, Database: eye, SQL: select exists (select 1 from pg_class c, pg_namespace n where n.nspname = current_schema() and c.relname = 'migrations' and c.relkind in ('r', 'p') and n.oid = c.relnamespace))

  at vendor\laravel\framework\src\Illuminate\Database\Connectors\Connector.php:66
     62▕      */
     63▕     protected function createPdoConnection($dsn, $username, #[\SensitiveParameter] $password, $options)
     64▕     {
     65▕         return version_compare(PHP_VERSION, '8.4.0', '<')
  ➜  66▕             ? new PDO($dsn, $username, $password, $options)
     67▕             : PDO::connect($dsn, $username, $password, $options); /** @phpstan-ignore staticMethod.notFound (PHP 8.4) */
     68▕     }
     69▕ 
     70▕     /**

  1   vendor\laravel\framework\src\Illuminate\Database\Connectors\Connector.php:66
  2   vendor\laravel\framework\src\Illuminate\Database\Connectors\Connector.php:85

  ────────────────────────────────────────────────────────────────────────────  
   FAILED  Tests\Feature\Admin\AdminTest > superadmin can bl…  QueryException   
  SQLSTATE[08006] [7] could not translate host name "postgresql" to address: Unknown host (Connection: pgsql, Host: postgresql, Port: 5432, Database: eye, SQL: select exists (select 1 from pg_class c, pg_namespace n where n.nspname = current_schema() and c.relname = 'migrations' and c.relkind in ('r', 'p') and n.oid = c.relnamespace))

  at vendor\laravel\framework\src\Illuminate\Database\Connectors\Connector.php:66
     62▕      */
     63▕     protected function createPdoConnection($dsn, $username, #[\SensitiveParameter] $password, $options)
     64▕     {
     65▕         return version_compare(PHP_VERSION, '8.4.0', '<')
  ➜  66▕             ? new PDO($dsn, $username, $password, $options)
     67▕             : PDO::connect($dsn, $username, $password, $options); /** @phpstan-ignore staticMethod.notFound (PHP 8.4) */
     68▕     }
     69▕ 
     70▕     /**

  1   vendor\laravel\framework\src\Illuminate\Database\Connectors\Connector.php:66
  2   vendor\laravel\framework\src\Illuminate\Database\Connectors\Connector.php:85

  ────────────────────────────────────────────────────────────────────────────  
   FAILED  Tests\Feature\Admin\AdminTest > superadmin can un…  QueryException   
  SQLSTATE[08006] [7] could not translate host name "postgresql" to address: Unknown host (Connection: pgsql, Host: postgresql, Port: 5432, Database: eye, SQL: select exists (select 1 from pg_class c, pg_namespace n where n.nspname = current_schema() and c.relname = 'migrations' and c.relkind in ('r', 'p') and n.oid = c.relnamespace))

  at vendor\laravel\framework\src\Illuminate\Database\Connectors\Connector.php:66
     62▕      */
     63▕     protected function createPdoConnection($dsn, $username, #[\SensitiveParameter] $password, $options)
     64▕     {
     65▕         return version_compare(PHP_VERSION, '8.4.0', '<')
  ➜  66▕             ? new PDO($dsn, $username, $password, $options)
     67▕             : PDO::connect($dsn, $username, $password, $options); /** @phpstan-ignore staticMethod.notFound (PHP 8.4) */
     68▕     }
     69▕ 
     70▕     /**

  1   vendor\laravel\framework\src\Illuminate\Database\Connectors\Connector.php:66
  2   vendor\laravel\framework\src\Illuminate\Database\Connectors\Connector.php:85

  ────────────────────────────────────────────────────────────────────────────  
   FAILED  Tests\Feature\Admin\AdminTest > superadmin can im…  QueryException   
  SQLSTATE[08006] [7] could not translate host name "postgresql" to address: Unknown host (Connection: pgsql, Host: postgresql, Port: 5432, Database: eye, SQL: select exists (select 1 from pg_class c, pg_namespace n where n.nspname = current_schema() and c.relname = 'migrations' and c.relkind in ('r', 'p') and n.oid = c.relnamespace))

  at vendor\laravel\framework\src\Illuminate\Database\Connectors\Connector.php:66
     62▕      */
     63▕     protected function createPdoConnection($dsn, $username, #[\SensitiveParameter] $password, $options)
     64▕     {
     65▕         return version_compare(PHP_VERSION, '8.4.0', '<')
  ➜  66▕             ? new PDO($dsn, $username, $password, $options)
     67▕             : PDO::connect($dsn, $username, $password, $options); /** @phpstan-ignore staticMethod.notFound (PHP 8.4) */
     68▕     }
     69▕ 
     70▕     /**

  1   vendor\laravel\framework\src\Illuminate\Database\Connectors\Connector.php:66
  2   vendor\laravel\framework\src\Illuminate\Database\Connectors\Connector.php:85

  ────────────────────────────────────────────────────────────────────────────  
   FAILED  Tests\Feature\Admin\AdminTest > superadmin can en…  QueryException   
  SQLSTATE[08006] [7] could not translate host name "postgresql" to address: Unknown host (Connection: pgsql, Host: postgresql, Port: 5432, Database: eye, SQL: select exists (select 1 from pg_class c, pg_namespace n where n.nspname = current_schema() and c.relname = 'migrations' and c.relkind in ('r', 'p') and n.oid = c.relnamespace))

  at vendor\laravel\framework\src\Illuminate\Database\Connectors\Connector.php:66
     62▕      */
     63▕     protected function createPdoConnection($dsn, $username, #[\SensitiveParameter] $password, $options)
     64▕     {
     65▕         return version_compare(PHP_VERSION, '8.4.0', '<')
  ➜  66▕             ? new PDO($dsn, $username, $password, $options)
     67▕             : PDO::connect($dsn, $username, $password, $options); /** @phpstan-ignore staticMethod.notFound (PHP 8.4) */
     68▕     }
     69▕ 
     70▕     /**

  1   vendor\laravel\framework\src\Illuminate\Database\Connectors\Connector.php:66
  2   vendor\laravel\framework\src\Illuminate\Database\Connectors\Connector.php:85

  ────────────────────────────────────────────────────────────────────────────  
   FAILED  Tests\Feature\Admin\AdminTest > superadmin can vi…  QueryException   
  SQLSTATE[08006] [7] could not translate host name "postgresql" to address: Unknown host (Connection: pgsql, Host: postgresql, Port: 5432, Database: eye, SQL: select exists (select 1 from pg_class c, pg_namespace n where n.nspname = current_schema() and c.relname = 'migrations' and c.relkind in ('r', 'p') and n.oid = c.relnamespace))

  at vendor\laravel\framework\src\Illuminate\Database\Connectors\Connector.php:66
     62▕      */
     63▕     protected function createPdoConnection($dsn, $username, #[\SensitiveParameter] $password, $options)
     64▕     {
     65▕         return version_compare(PHP_VERSION, '8.4.0', '<')
  ➜  66▕             ? new PDO($dsn, $username, $password, $options)
     67▕             : PDO::connect($dsn, $username, $password, $options); /** @phpstan-ignore staticMethod.notFound (PHP 8.4) */
     68▕     }
     69▕ 
     70▕     /**

  1   vendor\laravel\framework\src\Illuminate\Database\Connectors\Connector.php:66
  2   vendor\laravel\framework\src\Illuminate\Database\Connectors\Connector.php:85

  ────────────────────────────────────────────────────────────────────────────  
   FAILED  Tests\Feature\Admin\AdminTest > regular user cann…  QueryException   
  SQLSTATE[08006] [7] could not translate host name "postgresql" to address: Unknown host (Connection: pgsql, Host: postgresql, Port: 5432, Database: eye, SQL: select exists (select 1 from pg_class c, pg_namespace n where n.nspname = current_schema() and c.relname = 'migrations' and c.relkind in ('r', 'p') and n.oid = c.relnamespace))

  at vendor\laravel\framework\src\Illuminate\Database\Connectors\Connector.php:66
     62▕      */
     63▕     protected function createPdoConnection($dsn, $username, #[\SensitiveParameter] $password, $options)
     64▕     {
     65▕         return version_compare(PHP_VERSION, '8.4.0', '<')
  ➜  66▕             ? new PDO($dsn, $username, $password, $options)
     67▕             : PDO::connect($dsn, $username, $password, $options); /** @phpstan-ignore staticMethod.notFound (PHP 8.4) */
     68▕     }
     69▕ 
     70▕     /**

  1   vendor\laravel\framework\src\Illuminate\Database\Connectors\Connector.php:66
  2   vendor\laravel\framework\src\Illuminate\Database\Connectors\Connector.php:85

  ────────────────────────────────────────────────────────────────────────────  
   FAILED  Tests\Feature\Alerts\AlertRuleTest > can list ale…  QueryException   
  SQLSTATE[08006] [7] could not translate host name "postgresql" to address: Unknown host (Connection: pgsql, Host: postgresql, Port: 5432, Database: eye, SQL: select exists (select 1 from pg_class c, pg_namespace n where n.nspname = current_schema() and c.relname = 'migrations' and c.relkind in ('r', 'p') and n.oid = c.relnamespace))

  at vendor\laravel\framework\src\Illuminate\Database\Connectors\Connector.php:66
     62▕      */
     63▕     protected function createPdoConnection($dsn, $username, #[\SensitiveParameter] $password, $options)
     64▕     {
     65▕         return version_compare(PHP_VERSION, '8.4.0', '<')
  ➜  66▕             ? new PDO($dsn, $username, $password, $options)
     67▕             : PDO::connect($dsn, $username, $password, $options); /** @phpstan-ignore staticMethod.notFound (PHP 8.4) */
     68▕     }
     69▕ 
     70▕     /**

  1   vendor\laravel\framework\src\Illuminate\Database\Connectors\Connector.php:66
  2   vendor\laravel\framework\src\Illuminate\Database\Connectors\Connector.php:85

  ────────────────────────────────────────────────────────────────────────────  
   FAILED  Tests\Feature\Alerts\AlertRuleTest > can create a…  QueryException   
  SQLSTATE[08006] [7] could not translate host name "postgresql" to address: Unknown host (Connection: pgsql, Host: postgresql, Port: 5432, Database: eye, SQL: select exists (select 1 from pg_class c, pg_namespace n where n.nspname = current_schema() and c.relname = 'migrations' and c.relkind in ('r', 'p') and n.oid = c.relnamespace))

  at vendor\laravel\framework\src\Illuminate\Database\Connectors\Connector.php:66
     62▕      */
     63▕     protected function createPdoConnection($dsn, $username, #[\SensitiveParameter] $password, $options)
     64▕     {
     65▕         return version_compare(PHP_VERSION, '8.4.0', '<')
  ➜  66▕             ? new PDO($dsn, $username, $password, $options)
     67▕             : PDO::connect($dsn, $username, $password, $options); /** @phpstan-ignore staticMethod.notFound (PHP 8.4) */
     68▕     }
     69▕ 
     70▕     /**

  1   vendor\laravel\framework\src\Illuminate\Database\Connectors\Connector.php:66
  2   vendor\laravel\framework\src\Illuminate\Database\Connectors\Connector.php:85

  ────────────────────────────────────────────────────────────────────────────  
   FAILED  Tests\Feature\Alerts\AlertRuleTest > can update a…  QueryException   
  SQLSTATE[08006] [7] could not translate host name "postgresql" to address: Unknown host (Connection: pgsql, Host: postgresql, Port: 5432, Database: eye, SQL: select exists (select 1 from pg_class c, pg_namespace n where n.nspname = current_schema() and c.relname = 'migrations' and c.relkind in ('r', 'p') and n.oid = c.relnamespace))

  at vendor\laravel\framework\src\Illuminate\Database\Connectors\Connector.php:66
     62▕      */
     63▕     protected function createPdoConnection($dsn, $username, #[\SensitiveParameter] $password, $options)
     64▕     {
     65▕         return version_compare(PHP_VERSION, '8.4.0', '<')
  ➜  66▕             ? new PDO($dsn, $username, $password, $options)
     67▕             : PDO::connect($dsn, $username, $password, $options); /** @phpstan-ignore staticMethod.notFound (PHP 8.4) */
     68▕     }
     69▕ 
     70▕     /**

  1   vendor\laravel\framework\src\Illuminate\Database\Connectors\Connector.php:66
  2   vendor\laravel\framework\src\Illuminate\Database\Connectors\Connector.php:85

  ────────────────────────────────────────────────────────────────────────────  
   FAILED  Tests\Feature\Alerts\AlertRuleTest > can delete a…  QueryException   
  SQLSTATE[08006] [7] could not translate host name "postgresql" to address: Unknown host (Connection: pgsql, Host: postgresql, Port: 5432, Database: eye, SQL: select exists (select 1 from pg_class c, pg_namespace n where n.nspname = current_schema() and c.relname = 'migrations' and c.relkind in ('r', 'p') and n.oid = c.relnamespace))

  at vendor\laravel\framework\src\Illuminate\Database\Connectors\Connector.php:66
     62▕      */
     63▕     protected function createPdoConnection($dsn, $username, #[\SensitiveParameter] $password, $options)
     64▕     {
     65▕         return version_compare(PHP_VERSION, '8.4.0', '<')
  ➜  66▕             ? new PDO($dsn, $username, $password, $options)
     67▕             : PDO::connect($dsn, $username, $password, $options); /** @phpstan-ignore staticMethod.notFound (PHP 8.4) */
     68▕     }
     69▕ 
     70▕     /**

  1   vendor\laravel\framework\src\Illuminate\Database\Connectors\Connector.php:66
  2   vendor\laravel\framework\src\Illuminate\Database\Connectors\Connector.php:85

  ────────────────────────────────────────────────────────────────────────────  
   FAILED  Tests\Feature\Alerts\AlertRuleTest > cannot manag…  QueryException   
  SQLSTATE[08006] [7] could not translate host name "postgresql" to address: Unknown host (Connection: pgsql, Host: postgresql, Port: 5432, Database: eye, SQL: select exists (select 1 from pg_class c, pg_namespace n where n.nspname = current_schema() and c.relname = 'migrations' and c.relkind in ('r', 'p') and n.oid = c.relnamespace))

  at vendor\laravel\framework\src\Illuminate\Database\Connectors\Connector.php:66
     62▕      */
     63▕     protected function createPdoConnection($dsn, $username, #[\SensitiveParameter] $password, $options)
     64▕     {
     65▕         return version_compare(PHP_VERSION, '8.4.0', '<')
  ➜  66▕             ? new PDO($dsn, $username, $password, $options)
     67▕             : PDO::connect($dsn, $username, $password, $options); /** @phpstan-ignore staticMethod.notFound (PHP 8.4) */
     68▕     }
     69▕ 
     70▕     /**

  1   vendor\laravel\framework\src\Illuminate\Database\Connectors\Connector.php:66
  2   vendor\laravel\framework\src\Illuminate\Database\Connectors\Connector.php:85

  ────────────────────────────────────────────────────────────────────────────  
   FAILED  Tests\Feature\Analytics\AnalyticsTest > `GET /api…  QueryException   
  SQLSTATE[08006] [7] could not translate host name "postgresql" to address: Unknown host (Connection: pgsql, Host: postgresql, Port: 5432, Database: eye, SQL: select exists (select 1 from pg_class c, pg_namespace n where n.nspname = current_schema() and c.relname = 'migrations' and c.relkind in ('r', 'p') and n.oid = c.relnamespace))

  at vendor\laravel\framework\src\Illuminate\Database\Connectors\Connector.php:66
     62▕      */
     63▕     protected function createPdoConnection($dsn, $username, #[\SensitiveParameter] $password, $options)
     64▕     {
     65▕         return version_compare(PHP_VERSION, '8.4.0', '<')
  ➜  66▕             ? new PDO($dsn, $username, $password, $options)
     67▕             : PDO::connect($dsn, $username, $password, $options); /** @phpstan-ignore staticMethod.notFound (PHP 8.4) */
     68▕     }
     69▕ 
     70▕     /**

  1   vendor\laravel\framework\src\Illuminate\Database\Connectors\Connector.php:66
  2   vendor\laravel\framework\src\Illuminate\Database\Connectors\Connector.php:85

  ────────────────────────────────────────────────────────────────────────────  
   FAILED  Tests\Feature\Analytics\AnalyticsTest > `GET /api…  QueryException   
  SQLSTATE[08006] [7] could not translate host name "postgresql" to address: Unknown host (Connection: pgsql, Host: postgresql, Port: 5432, Database: eye, SQL: select exists (select 1 from pg_class c, pg_namespace n where n.nspname = current_schema() and c.relname = 'migrations' and c.relkind in ('r', 'p') and n.oid = c.relnamespace))

  at vendor\laravel\framework\src\Illuminate\Database\Connectors\Connector.php:66
     62▕      */
     63▕     protected function createPdoConnection($dsn, $username, #[\SensitiveParameter] $password, $options)
     64▕     {
     65▕         return version_compare(PHP_VERSION, '8.4.0', '<')
  ➜  66▕             ? new PDO($dsn, $username, $password, $options)
     67▕             : PDO::connect($dsn, $username, $password, $options); /** @phpstan-ignore staticMethod.notFound (PHP 8.4) */
     68▕     }
     69▕ 
     70▕     /**

  1   vendor\laravel\framework\src\Illuminate\Database\Connectors\Connector.php:66
  2   vendor\laravel\framework\src\Illuminate\Database\Connectors\Connector.php:85

  ────────────────────────────────────────────────────────────────────────────  
   FAILED  Tests\Feature\Analytics\AnalyticsTest > `GET /api…  QueryException   
  SQLSTATE[08006] [7] could not translate host name "postgresql" to address: Unknown host (Connection: pgsql, Host: postgresql, Port: 5432, Database: eye, SQL: select exists (select 1 from pg_class c, pg_namespace n where n.nspname = current_schema() and c.relname = 'migrations' and c.relkind in ('r', 'p') and n.oid = c.relnamespace))

  at vendor\laravel\framework\src\Illuminate\Database\Connectors\Connector.php:66
     62▕      */
     63▕     protected function createPdoConnection($dsn, $username, #[\SensitiveParameter] $password, $options)
     64▕     {
     65▕         return version_compare(PHP_VERSION, '8.4.0', '<')
  ➜  66▕             ? new PDO($dsn, $username, $password, $options)
     67▕             : PDO::connect($dsn, $username, $password, $options); /** @phpstan-ignore staticMethod.notFound (PHP 8.4) */
     68▕     }
     69▕ 
     70▕     /**

  1   vendor\laravel\framework\src\Illuminate\Database\Connectors\Connector.php:66
  2   vendor\laravel\framework\src\Illuminate\Database\Connectors\Connector.php:85

  ────────────────────────────────────────────────────────────────────────────  
   FAILED  Tests\Feature\Analytics\AnalyticsTest > `GET /api…  QueryException   
  SQLSTATE[08006] [7] could not translate host name "postgresql" to address: Unknown host (Connection: pgsql, Host: postgresql, Port: 5432, Database: eye, SQL: select exists (select 1 from pg_class c, pg_namespace n where n.nspname = current_schema() and c.relname = 'migrations' and c.relkind in ('r', 'p') and n.oid = c.relnamespace))

  at vendor\laravel\framework\src\Illuminate\Database\Connectors\Connector.php:66
     62▕      */
     63▕     protected function createPdoConnection($dsn, $username, #[\SensitiveParameter] $password, $options)
     64▕     {
     65▕         return version_compare(PHP_VERSION, '8.4.0', '<')
  ➜  66▕             ? new PDO($dsn, $username, $password, $options)
     67▕             : PDO::connect($dsn, $username, $password, $options); /** @phpstan-ignore staticMethod.notFound (PHP 8.4) */
     68▕     }
     69▕ 
     70▕     /**

  1   vendor\laravel\framework\src\Illuminate\Database\Connectors\Connector.php:66
  2   vendor\laravel\framework\src\Illuminate\Database\Connectors\Connector.php:85

  ────────────────────────────────────────────────────────────────────────────  
   FAILED  Tests\Feature\Analytics\AnalyticsTest > `GET /api…  QueryException   
  SQLSTATE[08006] [7] could not translate host name "postgresql" to address: Unknown host (Connection: pgsql, Host: postgresql, Port: 5432, Database: eye, SQL: select exists (select 1 from pg_class c, pg_namespace n where n.nspname = current_schema() and c.relname = 'migrations' and c.relkind in ('r', 'p') and n.oid = c.relnamespace))

  at vendor\laravel\framework\src\Illuminate\Database\Connectors\Connector.php:66
     62▕      */
     63▕     protected function createPdoConnection($dsn, $username, #[\SensitiveParameter] $password, $options)
     64▕     {
     65▕         return version_compare(PHP_VERSION, '8.4.0', '<')
  ➜  66▕             ? new PDO($dsn, $username, $password, $options)
     67▕             : PDO::connect($dsn, $username, $password, $options); /** @phpstan-ignore staticMethod.notFound (PHP 8.4) */
     68▕     }
     69▕ 
     70▕     /**

  1   vendor\laravel\framework\src\Illuminate\Database\Connectors\Connector.php:66
  2   vendor\laravel\framework\src\Illuminate\Database\Connectors\Connector.php:85

  ────────────────────────────────────────────────────────────────────────────  
   FAILED  Tests\Feature\Analytics\AnalyticsTest > `GET /api…  QueryException   
  SQLSTATE[08006] [7] could not translate host name "postgresql" to address: Unknown host (Connection: pgsql, Host: postgresql, Port: 5432, Database: eye, SQL: select exists (select 1 from pg_class c, pg_namespace n where n.nspname = current_schema() and c.relname = 'migrations' and c.relkind in ('r', 'p') and n.oid = c.relnamespace))

  at vendor\laravel\framework\src\Illuminate\Database\Connectors\Connector.php:66
     62▕      */
     63▕     protected function createPdoConnection($dsn, $username, #[\SensitiveParameter] $password, $options)
     64▕     {
     65▕         return version_compare(PHP_VERSION, '8.4.0', '<')
  ➜  66▕             ? new PDO($dsn, $username, $password, $options)
     67▕             : PDO::connect($dsn, $username, $password, $options); /** @phpstan-ignore staticMethod.notFound (PHP 8.4) */
     68▕     }
     69▕ 
     70▕     /**

  1   vendor\laravel\framework\src\Illuminate\Database\Connectors\Connector.php:66
  2   vendor\laravel\framework\src\Illuminate\Database\Connectors\Connector.php:85

  ────────────────────────────────────────────────────────────────────────────  
   FAILED  Tests\Feature\Analytics\AnalyticsTest > `GET /api…  QueryException   
  SQLSTATE[08006] [7] could not translate host name "postgresql" to address: Unknown host (Connection: pgsql, Host: postgresql, Port: 5432, Database: eye, SQL: select exists (select 1 from pg_class c, pg_namespace n where n.nspname = current_schema() and c.relname = 'migrations' and c.relkind in ('r', 'p') and n.oid = c.relnamespace))

  at vendor\laravel\framework\src\Illuminate\Database\Connectors\Connector.php:66
     62▕      */
     63▕     protected function createPdoConnection($dsn, $username, #[\SensitiveParameter] $password, $options)
     64▕     {
     65▕         return version_compare(PHP_VERSION, '8.4.0', '<')
  ➜  66▕             ? new PDO($dsn, $username, $password, $options)
     67▕             : PDO::connect($dsn, $username, $password, $options); /** @phpstan-ignore staticMethod.notFound (PHP 8.4) */
     68▕     }
     69▕ 
     70▕     /**

  1   vendor\laravel\framework\src\Illuminate\Database\Connectors\Connector.php:66
  2   vendor\laravel\framework\src\Illuminate\Database\Connectors\Connector.php:85

  ────────────────────────────────────────────────────────────────────────────  
   FAILED  Tests\Feature\Analytics\AnalyticsTest > `GET /api…  QueryException   
  SQLSTATE[08006] [7] could not translate host name "postgresql" to address: Unknown host (Connection: pgsql, Host: postgresql, Port: 5432, Database: eye, SQL: select exists (select 1 from pg_class c, pg_namespace n where n.nspname = current_schema() and c.relname = 'migrations' and c.relkind in ('r', 'p') and n.oid = c.relnamespace))

  at vendor\laravel\framework\src\Illuminate\Database\Connectors\Connector.php:66
     62▕      */
     63▕     protected function createPdoConnection($dsn, $username, #[\SensitiveParameter] $password, $options)
     64▕     {
     65▕         return version_compare(PHP_VERSION, '8.4.0', '<')
  ➜  66▕             ? new PDO($dsn, $username, $password, $options)
     67▕             : PDO::connect($dsn, $username, $password, $options); /** @phpstan-ignore staticMethod.notFound (PHP 8.4) */
     68▕     }
     69▕ 
     70▕     /**

  1   vendor\laravel\framework\src\Illuminate\Database\Connectors\Connector.php:66
  2   vendor\laravel\framework\src\Illuminate\Database\Connectors\Connector.php:85

  ────────────────────────────────────────────────────────────────────────────  
   FAILED  Tests\Feature\Analytics\AnalyticsTest > `GET /api…  QueryException   
  SQLSTATE[08006] [7] could not translate host name "postgresql" to address: Unknown host (Connection: pgsql, Host: postgresql, Port: 5432, Database: eye, SQL: select exists (select 1 from pg_class c, pg_namespace n where n.nspname = current_schema() and c.relname = 'migrations' and c.relkind in ('r', 'p') and n.oid = c.relnamespace))

  at vendor\laravel\framework\src\Illuminate\Database\Connectors\Connector.php:66
     62▕      */
     63▕     protected function createPdoConnection($dsn, $username, #[\SensitiveParameter] $password, $options)
     64▕     {
     65▕         return version_compare(PHP_VERSION, '8.4.0', '<')
  ➜  66▕             ? new PDO($dsn, $username, $password, $options)
     67▕             : PDO::connect($dsn, $username, $password, $options); /** @phpstan-ignore staticMethod.notFound (PHP 8.4) */
     68▕     }
     69▕ 
     70▕     /**

  1   vendor\laravel\framework\src\Illuminate\Database\Connectors\Connector.php:66
  2   vendor\laravel\framework\src\Illuminate\Database\Connectors\Connector.php:85

  ────────────────────────────────────────────────────────────────────────────  
   FAILED  Tests\Feature\Analytics\AnalyticsTest > `GET /api…  QueryException   
  SQLSTATE[08006] [7] could not translate host name "postgresql" to address: Unknown host (Connection: pgsql, Host: postgresql, Port: 5432, Database: eye, SQL: select exists (select 1 from pg_class c, pg_namespace n where n.nspname = current_schema() and c.relname = 'migrations' and c.relkind in ('r', 'p') and n.oid = c.relnamespace))

  at vendor\laravel\framework\src\Illuminate\Database\Connectors\Connector.php:66
     62▕      */
     63▕     protected function createPdoConnection($dsn, $username, #[\SensitiveParameter] $password, $options)
     64▕     {
     65▕         return version_compare(PHP_VERSION, '8.4.0', '<')
  ➜  66▕             ? new PDO($dsn, $username, $password, $options)
     67▕             : PDO::connect($dsn, $username, $password, $options); /** @phpstan-ignore staticMethod.notFound (PHP 8.4) */
     68▕     }
     69▕ 
     70▕     /**

  1   vendor\laravel\framework\src\Illuminate\Database\Connectors\Connector.php:66
  2   vendor\laravel\framework\src\Illuminate\Database\Connectors\Connector.php:85

  ────────────────────────────────────────────────────────────────────────────  
   FAILED  Tests\Feature\Analytics\AnalyticsTest > `GET /api…  QueryException   
  SQLSTATE[08006] [7] could not translate host name "postgresql" to address: Unknown host (Connection: pgsql, Host: postgresql, Port: 5432, Database: eye, SQL: select exists (select 1 from pg_class c, pg_namespace n where n.nspname = current_schema() and c.relname = 'migrations' and c.relkind in ('r', 'p') and n.oid = c.relnamespace))

  at vendor\laravel\framework\src\Illuminate\Database\Connectors\Connector.php:66
     62▕      */
     63▕     protected function createPdoConnection($dsn, $username, #[\SensitiveParameter] $password, $options)
     64▕     {
     65▕         return version_compare(PHP_VERSION, '8.4.0', '<')
  ➜  66▕             ? new PDO($dsn, $username, $password, $options)
     67▕             : PDO::connect($dsn, $username, $password, $options); /** @phpstan-ignore staticMethod.notFound (PHP 8.4) */
     68▕     }
     69▕ 
     70▕     /**

  1   vendor\laravel\framework\src\Illuminate\Database\Connectors\Connector.php:66
  2   vendor\laravel\framework\src\Illuminate\Database\Connectors\Connector.php:85

  ────────────────────────────────────────────────────────────────────────────  
   FAILED  Tests\Feature\Analytics\AnalyticsTest > `GET /api…  QueryException   
  SQLSTATE[08006] [7] could not translate host name "postgresql" to address: Unknown host (Connection: pgsql, Host: postgresql, Port: 5432, Database: eye, SQL: select exists (select 1 from pg_class c, pg_namespace n where n.nspname = current_schema() and c.relname = 'migrations' and c.relkind in ('r', 'p') and n.oid = c.relnamespace))

  at vendor\laravel\framework\src\Illuminate\Database\Connectors\Connector.php:66
     62▕      */
     63▕     protected function createPdoConnection($dsn, $username, #[\SensitiveParameter] $password, $options)
     64▕     {
     65▕         return version_compare(PHP_VERSION, '8.4.0', '<')
  ➜  66▕             ? new PDO($dsn, $username, $password, $options)
     67▕             : PDO::connect($dsn, $username, $password, $options); /** @phpstan-ignore staticMethod.notFound (PHP 8.4) */
     68▕     }
     69▕ 
     70▕     /**

  1   vendor\laravel\framework\src\Illuminate\Database\Connectors\Connector.php:66
  2   vendor\laravel\framework\src\Illuminate\Database\Connectors\Connector.php:85

  ────────────────────────────────────────────────────────────────────────────  
   FAILED  Tests\Feature\Analytics\AnalyticsTest > `GET /api…  QueryException   
  SQLSTATE[08006] [7] could not translate host name "postgresql" to address: Unknown host (Connection: pgsql, Host: postgresql, Port: 5432, Database: eye, SQL: select exists (select 1 from pg_class c, pg_namespace n where n.nspname = current_schema() and c.relname = 'migrations' and c.relkind in ('r', 'p') and n.oid = c.relnamespace))

  at vendor\laravel\framework\src\Illuminate\Database\Connectors\Connector.php:66
     62▕      */
     63▕     protected function createPdoConnection($dsn, $username, #[\SensitiveParameter] $password, $options)
     64▕     {
     65▕         return version_compare(PHP_VERSION, '8.4.0', '<')
  ➜  66▕             ? new PDO($dsn, $username, $password, $options)
     67▕             : PDO::connect($dsn, $username, $password, $options); /** @phpstan-ignore staticMethod.notFound (PHP 8.4) */
     68▕     }
     69▕ 
     70▕     /**

  1   vendor\laravel\framework\src\Illuminate\Database\Connectors\Connector.php:66
  2   vendor\laravel\framework\src\Illuminate\Database\Connectors\Connector.php:85

  ────────────────────────────────────────────────────────────────────────────  
   FAILED  Tests\Feature\Analytics\AnalyticsTest > `GET /api…  QueryException   
  SQLSTATE[08006] [7] could not translate host name "postgresql" to address: Unknown host (Connection: pgsql, Host: postgresql, Port: 5432, Database: eye, SQL: select exists (select 1 from pg_class c, pg_namespace n where n.nspname = current_schema() and c.relname = 'migrations' and c.relkind in ('r', 'p') and n.oid = c.relnamespace))

  at vendor\laravel\framework\src\Illuminate\Database\Connectors\Connector.php:66
     62▕      */
     63▕     protected function createPdoConnection($dsn, $username, #[\SensitiveParameter] $password, $options)
     64▕     {
     65▕         return version_compare(PHP_VERSION, '8.4.0', '<')
  ➜  66▕             ? new PDO($dsn, $username, $password, $options)
     67▕             : PDO::connect($dsn, $username, $password, $options); /** @phpstan-ignore staticMethod.notFound (PHP 8.4) */
     68▕     }
     69▕ 
     70▕     /**

  1   vendor\laravel\framework\src\Illuminate\Database\Connectors\Connector.php:66
  2   vendor\laravel\framework\src\Illuminate\Database\Connectors\Connector.php:85

  ────────────────────────────────────────────────────────────────────────────  
   FAILED  Tests\Feature\Analytics\AnalyticsTest > `GET /api…  QueryException   
  SQLSTATE[08006] [7] could not translate host name "postgresql" to address: Unknown host (Connection: pgsql, Host: postgresql, Port: 5432, Database: eye, SQL: select exists (select 1 from pg_class c, pg_namespace n where n.nspname = current_schema() and c.relname = 'migrations' and c.relkind in ('r', 'p') and n.oid = c.relnamespace))

  at vendor\laravel\framework\src\Illuminate\Database\Connectors\Connector.php:66
     62▕      */
     63▕     protected function createPdoConnection($dsn, $username, #[\SensitiveParameter] $password, $options)
     64▕     {
     65▕         return version_compare(PHP_VERSION, '8.4.0', '<')
  ➜  66▕             ? new PDO($dsn, $username, $password, $options)
     67▕             : PDO::connect($dsn, $username, $password, $options); /** @phpstan-ignore staticMethod.notFound (PHP 8.4) */
     68▕     }
     69▕ 
     70▕     /**

  1   vendor\laravel\framework\src\Illuminate\Database\Connectors\Connector.php:66
  2   vendor\laravel\framework\src\Illuminate\Database\Connectors\Connector.php:85

  ────────────────────────────────────────────────────────────────────────────  
   FAILED  Tests\Feature\Auth\AuthTest > user can register w…  QueryException   
  SQLSTATE[08006] [7] could not translate host name "postgresql" to address: Unknown host (Connection: pgsql, Host: postgresql, Port: 5432, Database: eye, SQL: select exists (select 1 from pg_class c, pg_namespace n where n.nspname = current_schema() and c.relname = 'migrations' and c.relkind in ('r', 'p') and n.oid = c.relnamespace))

  at vendor\laravel\framework\src\Illuminate\Database\Connectors\Connector.php:66
     62▕      */
     63▕     protected function createPdoConnection($dsn, $username, #[\SensitiveParameter] $password, $options)
     64▕     {
     65▕         return version_compare(PHP_VERSION, '8.4.0', '<')
  ➜  66▕             ? new PDO($dsn, $username, $password, $options)
     67▕             : PDO::connect($dsn, $username, $password, $options); /** @phpstan-ignore staticMethod.notFound (PHP 8.4) */
     68▕     }
     69▕ 
     70▕     /**

  1   vendor\laravel\framework\src\Illuminate\Database\Connectors\Connector.php:66
  2   vendor\laravel\framework\src\Illuminate\Database\Connectors\Connector.php:85

  ────────────────────────────────────────────────────────────────────────────  
   FAILED  Tests\Feature\Auth\AuthTest > registration fails…   QueryException   
  SQLSTATE[08006] [7] could not translate host name "postgresql" to address: Unknown host (Connection: pgsql, Host: postgresql, Port: 5432, Database: eye, SQL: select exists (select 1 from pg_class c, pg_namespace n where n.nspname = current_schema() and c.relname = 'migrations' and c.relkind in ('r', 'p') and n.oid = c.relnamespace))

  at vendor\laravel\framework\src\Illuminate\Database\Connectors\Connector.php:66
     62▕      */
     63▕     protected function createPdoConnection($dsn, $username, #[\SensitiveParameter] $password, $options)
     64▕     {
     65▕         return version_compare(PHP_VERSION, '8.4.0', '<')
  ➜  66▕             ? new PDO($dsn, $username, $password, $options)
     67▕             : PDO::connect($dsn, $username, $password, $options); /** @phpstan-ignore staticMethod.notFound (PHP 8.4) */
     68▕     }
     69▕ 
     70▕     /**

  1   vendor\laravel\framework\src\Illuminate\Database\Connectors\Connector.php:66
  2   vendor\laravel\framework\src\Illuminate\Database\Connectors\Connector.php:85

  ────────────────────────────────────────────────────────────────────────────  
   FAILED  Tests\Feature\Auth\AuthTest > registration fails…   QueryException   
  SQLSTATE[08006] [7] could not translate host name "postgresql" to address: Unknown host (Connection: pgsql, Host: postgresql, Port: 5432, Database: eye, SQL: select exists (select 1 from pg_class c, pg_namespace n where n.nspname = current_schema() and c.relname = 'migrations' and c.relkind in ('r', 'p') and n.oid = c.relnamespace))

  at vendor\laravel\framework\src\Illuminate\Database\Connectors\Connector.php:66
     62▕      */
     63▕     protected function createPdoConnection($dsn, $username, #[\SensitiveParameter] $password, $options)
     64▕     {
     65▕         return version_compare(PHP_VERSION, '8.4.0', '<')
  ➜  66▕             ? new PDO($dsn, $username, $password, $options)
     67▕             : PDO::connect($dsn, $username, $password, $options); /** @phpstan-ignore staticMethod.notFound (PHP 8.4) */
     68▕     }
     69▕ 
     70▕     /**

  1   vendor\laravel\framework\src\Illuminate\Database\Connectors\Connector.php:66
  2   vendor\laravel\framework\src\Illuminate\Database\Connectors\Connector.php:85

  ────────────────────────────────────────────────────────────────────────────  
   FAILED  Tests\Feature\Auth\AuthTest > user can login with…  QueryException   
  SQLSTATE[08006] [7] could not translate host name "postgresql" to address: Unknown host (Connection: pgsql, Host: postgresql, Port: 5432, Database: eye, SQL: select exists (select 1 from pg_class c, pg_namespace n where n.nspname = current_schema() and c.relname = 'migrations' and c.relkind in ('r', 'p') and n.oid = c.relnamespace))

  at vendor\laravel\framework\src\Illuminate\Database\Connectors\Connector.php:66
     62▕      */
     63▕     protected function createPdoConnection($dsn, $username, #[\SensitiveParameter] $password, $options)
     64▕     {
     65▕         return version_compare(PHP_VERSION, '8.4.0', '<')
  ➜  66▕             ? new PDO($dsn, $username, $password, $options)
     67▕             : PDO::connect($dsn, $username, $password, $options); /** @phpstan-ignore staticMethod.notFound (PHP 8.4) */
     68▕     }
     69▕ 
     70▕     /**

  1   vendor\laravel\framework\src\Illuminate\Database\Connectors\Connector.php:66
  2   vendor\laravel\framework\src\Illuminate\Database\Connectors\Connector.php:85

  ────────────────────────────────────────────────────────────────────────────  
   FAILED  Tests\Feature\Auth\AuthTest > login fails with wr…  QueryException   
  SQLSTATE[08006] [7] could not translate host name "postgresql" to address: Unknown host (Connection: pgsql, Host: postgresql, Port: 5432, Database: eye, SQL: select exists (select 1 from pg_class c, pg_namespace n where n.nspname = current_schema() and c.relname = 'migrations' and c.relkind in ('r', 'p') and n.oid = c.relnamespace))

  at vendor\laravel\framework\src\Illuminate\Database\Connectors\Connector.php:66
     62▕      */
     63▕     protected function createPdoConnection($dsn, $username, #[\SensitiveParameter] $password, $options)
     64▕     {
     65▕         return version_compare(PHP_VERSION, '8.4.0', '<')
  ➜  66▕             ? new PDO($dsn, $username, $password, $options)
     67▕             : PDO::connect($dsn, $username, $password, $options); /** @phpstan-ignore staticMethod.notFound (PHP 8.4) */
     68▕     }
     69▕ 
     70▕     /**

  1   vendor\laravel\framework\src\Illuminate\Database\Connectors\Connector.php:66
  2   vendor\laravel\framework\src\Illuminate\Database\Connectors\Connector.php:85

  ────────────────────────────────────────────────────────────────────────────  
   FAILED  Tests\Feature\Auth\AuthTest > suspended user cann…  QueryException   
  SQLSTATE[08006] [7] could not translate host name "postgresql" to address: Unknown host (Connection: pgsql, Host: postgresql, Port: 5432, Database: eye, SQL: select exists (select 1 from pg_class c, pg_namespace n where n.nspname = current_schema() and c.relname = 'migrations' and c.relkind in ('r', 'p') and n.oid = c.relnamespace))

  at vendor\laravel\framework\src\Illuminate\Database\Connectors\Connector.php:66
     62▕      */
     63▕     protected function createPdoConnection($dsn, $username, #[\SensitiveParameter] $password, $options)
     64▕     {
     65▕         return version_compare(PHP_VERSION, '8.4.0', '<')
  ➜  66▕             ? new PDO($dsn, $username, $password, $options)
     67▕             : PDO::connect($dsn, $username, $password, $options); /** @phpstan-ignore staticMethod.notFound (PHP 8.4) */
     68▕     }
     69▕ 
     70▕     /**

  1   vendor\laravel\framework\src\Illuminate\Database\Connectors\Connector.php:66
  2   vendor\laravel\framework\src\Illuminate\Database\Connectors\Connector.php:85

  ────────────────────────────────────────────────────────────────────────────  
   FAILED  Tests\Feature\Auth\AuthTest > login returns two_f…  QueryException   
  SQLSTATE[08006] [7] could not translate host name "postgresql" to address: Unknown host (Connection: pgsql, Host: postgresql, Port: 5432, Database: eye, SQL: select exists (select 1 from pg_class c, pg_namespace n where n.nspname = current_schema() and c.relname = 'migrations' and c.relkind in ('r', 'p') and n.oid = c.relnamespace))

  at vendor\laravel\framework\src\Illuminate\Database\Connectors\Connector.php:66
     62▕      */
     63▕     protected function createPdoConnection($dsn, $username, #[\SensitiveParameter] $password, $options)
     64▕     {
     65▕         return version_compare(PHP_VERSION, '8.4.0', '<')
  ➜  66▕             ? new PDO($dsn, $username, $password, $options)
     67▕             : PDO::connect($dsn, $username, $password, $options); /** @phpstan-ignore staticMethod.notFound (PHP 8.4) */
     68▕     }
     69▕ 
     70▕     /**

  1   vendor\laravel\framework\src\Illuminate\Database\Connectors\Connector.php:66
  2   vendor\laravel\framework\src\Illuminate\Database\Connectors\Connector.php:85

  ────────────────────────────────────────────────────────────────────────────  
   FAILED  Tests\Feature\Auth\AuthTest > authenticated user…   QueryException   
  SQLSTATE[08006] [7] could not translate host name "postgresql" to address: Unknown host (Connection: pgsql, Host: postgresql, Port: 5432, Database: eye, SQL: select exists (select 1 from pg_class c, pg_namespace n where n.nspname = current_schema() and c.relname = 'migrations' and c.relkind in ('r', 'p') and n.oid = c.relnamespace))

  at vendor\laravel\framework\src\Illuminate\Database\Connectors\Connector.php:66
     62▕      */
     63▕     protected function createPdoConnection($dsn, $username, #[\SensitiveParameter] $password, $options)
     64▕     {
     65▕         return version_compare(PHP_VERSION, '8.4.0', '<')
  ➜  66▕             ? new PDO($dsn, $username, $password, $options)
     67▕             : PDO::connect($dsn, $username, $password, $options); /** @phpstan-ignore staticMethod.notFound (PHP 8.4) */
     68▕     }
     69▕ 
     70▕     /**

  1   vendor\laravel\framework\src\Illuminate\Database\Connectors\Connector.php:66
  2   vendor\laravel\framework\src\Illuminate\Database\Connectors\Connector.php:85

  ────────────────────────────────────────────────────────────────────────────  
   FAILED  Tests\Feature\Auth\AuthTest > authenticated user…   QueryException   
  SQLSTATE[08006] [7] could not translate host name "postgresql" to address: Unknown host (Connection: pgsql, Host: postgresql, Port: 5432, Database: eye, SQL: select exists (select 1 from pg_class c, pg_namespace n where n.nspname = current_schema() and c.relname = 'migrations' and c.relkind in ('r', 'p') and n.oid = c.relnamespace))

  at vendor\laravel\framework\src\Illuminate\Database\Connectors\Connector.php:66
     62▕      */
     63▕     protected function createPdoConnection($dsn, $username, #[\SensitiveParameter] $password, $options)
     64▕     {
     65▕         return version_compare(PHP_VERSION, '8.4.0', '<')
  ➜  66▕             ? new PDO($dsn, $username, $password, $options)
     67▕             : PDO::connect($dsn, $username, $password, $options); /** @phpstan-ignore staticMethod.notFound (PHP 8.4) */
     68▕     }
     69▕ 
     70▕     /**

  1   vendor\laravel\framework\src\Illuminate\Database\Connectors\Connector.php:66
  2   vendor\laravel\framework\src\Illuminate\Database\Connectors\Connector.php:85

  ────────────────────────────────────────────────────────────────────────────  
   FAILED  Tests\Feature\Auth\AuthTest > unauthenticated req…  QueryException   
  SQLSTATE[08006] [7] could not translate host name "postgresql" to address: Unknown host (Connection: pgsql, Host: postgresql, Port: 5432, Database: eye, SQL: select exists (select 1 from pg_class c, pg_namespace n where n.nspname = current_schema() and c.relname = 'migrations' and c.relkind in ('r', 'p') and n.oid = c.relnamespace))

  at vendor\laravel\framework\src\Illuminate\Database\Connectors\Connector.php:66
     62▕      */
     63▕     protected function createPdoConnection($dsn, $username, #[\SensitiveParameter] $password, $options)
     64▕     {
     65▕         return version_compare(PHP_VERSION, '8.4.0', '<')
  ➜  66▕             ? new PDO($dsn, $username, $password, $options)
     67▕             : PDO::connect($dsn, $username, $password, $options); /** @phpstan-ignore staticMethod.notFound (PHP 8.4) */
     68▕     }
     69▕ 
     70▕     /**

  1   vendor\laravel\framework\src\Illuminate\Database\Connectors\Connector.php:66
  2   vendor\laravel\framework\src\Illuminate\Database\Connectors\Connector.php:85

  ────────────────────────────────────────────────────────────────────────────  
   FAILED  Tests\Feature\Auth\AuthTest > user can update pro…  QueryException   
  SQLSTATE[08006] [7] could not translate host name "postgresql" to address: Unknown host (Connection: pgsql, Host: postgresql, Port: 5432, Database: eye, SQL: select exists (select 1 from pg_class c, pg_namespace n where n.nspname = current_schema() and c.relname = 'migrations' and c.relkind in ('r', 'p') and n.oid = c.relnamespace))

  at vendor\laravel\framework\src\Illuminate\Database\Connectors\Connector.php:66
     62▕      */
     63▕     protected function createPdoConnection($dsn, $username, #[\SensitiveParameter] $password, $options)
     64▕     {
     65▕         return version_compare(PHP_VERSION, '8.4.0', '<')
  ➜  66▕             ? new PDO($dsn, $username, $password, $options)
     67▕             : PDO::connect($dsn, $username, $password, $options); /** @phpstan-ignore staticMethod.notFound (PHP 8.4) */
     68▕     }
     69▕ 
     70▕     /**

  1   vendor\laravel\framework\src\Illuminate\Database\Connectors\Connector.php:66
  2   vendor\laravel\framework\src\Illuminate\Database\Connectors\Connector.php:85

  ────────────────────────────────────────────────────────────────────────────  
   FAILED  Tests\Feature\Domain\DomainTest > user can list t…  QueryException   
  SQLSTATE[08006] [7] could not translate host name "postgresql" to address: Unknown host (Connection: pgsql, Host: postgresql, Port: 5432, Database: eye, SQL: select exists (select 1 from pg_class c, pg_namespace n where n.nspname = current_schema() and c.relname = 'migrations' and c.relkind in ('r', 'p') and n.oid = c.relnamespace))

  at vendor\laravel\framework\src\Illuminate\Database\Connectors\Connector.php:66
     62▕      */
     63▕     protected function createPdoConnection($dsn, $username, #[\SensitiveParameter] $password, $options)
     64▕     {
     65▕         return version_compare(PHP_VERSION, '8.4.0', '<')
  ➜  66▕             ? new PDO($dsn, $username, $password, $options)
     67▕             : PDO::connect($dsn, $username, $password, $options); /** @phpstan-ignore staticMethod.notFound (PHP 8.4) */
     68▕     }
     69▕ 
     70▕     /**

  1   vendor\laravel\framework\src\Illuminate\Database\Connectors\Connector.php:66
  2   vendor\laravel\framework\src\Illuminate\Database\Connectors\Connector.php:85

  ────────────────────────────────────────────────────────────────────────────  
   FAILED  Tests\Feature\Domain\DomainTest > user can create…  QueryException   
  SQLSTATE[08006] [7] could not translate host name "postgresql" to address: Unknown host (Connection: pgsql, Host: postgresql, Port: 5432, Database: eye, SQL: select exists (select 1 from pg_class c, pg_namespace n where n.nspname = current_schema() and c.relname = 'migrations' and c.relkind in ('r', 'p') and n.oid = c.relnamespace))

  at vendor\laravel\framework\src\Illuminate\Database\Connectors\Connector.php:66
     62▕      */
     63▕     protected function createPdoConnection($dsn, $username, #[\SensitiveParameter] $password, $options)
     64▕     {
     65▕         return version_compare(PHP_VERSION, '8.4.0', '<')
  ➜  66▕             ? new PDO($dsn, $username, $password, $options)
     67▕             : PDO::connect($dsn, $username, $password, $options); /** @phpstan-ignore staticMethod.notFound (PHP 8.4) */
     68▕     }
     69▕ 
     70▕     /**

  1   vendor\laravel\framework\src\Illuminate\Database\Connectors\Connector.php:66
  2   vendor\laravel\framework\src\Illuminate\Database\Connectors\Connector.php:85

  ────────────────────────────────────────────────────────────────────────────  
   FAILED  Tests\Feature\Domain\DomainTest > domain is norma…  QueryException   
  SQLSTATE[08006] [7] could not translate host name "postgresql" to address: Unknown host (Connection: pgsql, Host: postgresql, Port: 5432, Database: eye, SQL: select exists (select 1 from pg_class c, pg_namespace n where n.nspname = current_schema() and c.relname = 'migrations' and c.relkind in ('r', 'p') and n.oid = c.relnamespace))

  at vendor\laravel\framework\src\Illuminate\Database\Connectors\Connector.php:66
     62▕      */
     63▕     protected function createPdoConnection($dsn, $username, #[\SensitiveParameter] $password, $options)
     64▕     {
     65▕         return version_compare(PHP_VERSION, '8.4.0', '<')
  ➜  66▕             ? new PDO($dsn, $username, $password, $options)
     67▕             : PDO::connect($dsn, $username, $password, $options); /** @phpstan-ignore staticMethod.notFound (PHP 8.4) */
     68▕     }
     69▕ 
     70▕     /**

  1   vendor\laravel\framework\src\Illuminate\Database\Connectors\Connector.php:66
  2   vendor\laravel\framework\src\Illuminate\Database\Connectors\Connector.php:85

  ────────────────────────────────────────────────────────────────────────────  
   FAILED  Tests\Feature\Domain\DomainTest > duplicate domai…  QueryException   
  SQLSTATE[08006] [7] could not translate host name "postgresql" to address: Unknown host (Connection: pgsql, Host: postgresql, Port: 5432, Database: eye, SQL: select exists (select 1 from pg_class c, pg_namespace n where n.nspname = current_schema() and c.relname = 'migrations' and c.relkind in ('r', 'p') and n.oid = c.relnamespace))

  at vendor\laravel\framework\src\Illuminate\Database\Connectors\Connector.php:66
     62▕      */
     63▕     protected function createPdoConnection($dsn, $username, #[\SensitiveParameter] $password, $options)
     64▕     {
     65▕         return version_compare(PHP_VERSION, '8.4.0', '<')
  ➜  66▕             ? new PDO($dsn, $username, $password, $options)
     67▕             : PDO::connect($dsn, $username, $password, $options); /** @phpstan-ignore staticMethod.notFound (PHP 8.4) */
     68▕     }
     69▕ 
     70▕     /**

  1   vendor\laravel\framework\src\Illuminate\Database\Connectors\Connector.php:66
  2   vendor\laravel\framework\src\Illuminate\Database\Connectors\Connector.php:85

  ────────────────────────────────────────────────────────────────────────────  
   FAILED  Tests\Feature\Domain\DomainTest > domain limit is…  QueryException   
  SQLSTATE[08006] [7] could not translate host name "postgresql" to address: Unknown host (Connection: pgsql, Host: postgresql, Port: 5432, Database: eye, SQL: select exists (select 1 from pg_class c, pg_namespace n where n.nspname = current_schema() and c.relname = 'migrations' and c.relkind in ('r', 'p') and n.oid = c.relnamespace))

  at vendor\laravel\framework\src\Illuminate\Database\Connectors\Connector.php:66
     62▕      */
     63▕     protected function createPdoConnection($dsn, $username, #[\SensitiveParameter] $password, $options)
     64▕     {
     65▕         return version_compare(PHP_VERSION, '8.4.0', '<')
  ➜  66▕             ? new PDO($dsn, $username, $password, $options)
     67▕             : PDO::connect($dsn, $username, $password, $options); /** @phpstan-ignore staticMethod.notFound (PHP 8.4) */
     68▕     }
     69▕ 
     70▕     /**

  1   vendor\laravel\framework\src\Illuminate\Database\Connectors\Connector.php:66
  2   vendor\laravel\framework\src\Illuminate\Database\Connectors\Connector.php:85

  ────────────────────────────────────────────────────────────────────────────  
   FAILED  Tests\Feature\Domain\DomainTest > user can update…  QueryException   
  SQLSTATE[08006] [7] could not translate host name "postgresql" to address: Unknown host (Connection: pgsql, Host: postgresql, Port: 5432, Database: eye, SQL: select exists (select 1 from pg_class c, pg_namespace n where n.nspname = current_schema() and c.relname = 'migrations' and c.relkind in ('r', 'p') and n.oid = c.relnamespace))

  at vendor\laravel\framework\src\Illuminate\Database\Connectors\Connector.php:66
     62▕      */
     63▕     protected function createPdoConnection($dsn, $username, #[\SensitiveParameter] $password, $options)
     64▕     {
     65▕         return version_compare(PHP_VERSION, '8.4.0', '<')
  ➜  66▕             ? new PDO($dsn, $username, $password, $options)
     67▕             : PDO::connect($dsn, $username, $password, $options); /** @phpstan-ignore staticMethod.notFound (PHP 8.4) */
     68▕     }
     69▕ 
     70▕     /**

  1   vendor\laravel\framework\src\Illuminate\Database\Connectors\Connector.php:66
  2   vendor\laravel\framework\src\Illuminate\Database\Connectors\Connector.php:85

  ────────────────────────────────────────────────────────────────────────────  
   FAILED  Tests\Feature\Domain\DomainTest > user cannot acc…  QueryException   
  SQLSTATE[08006] [7] could not translate host name "postgresql" to address: Unknown host (Connection: pgsql, Host: postgresql, Port: 5432, Database: eye, SQL: select exists (select 1 from pg_class c, pg_namespace n where n.nspname = current_schema() and c.relname = 'migrations' and c.relkind in ('r', 'p') and n.oid = c.relnamespace))

  at vendor\laravel\framework\src\Illuminate\Database\Connectors\Connector.php:66
     62▕      */
     63▕     protected function createPdoConnection($dsn, $username, #[\SensitiveParameter] $password, $options)
     64▕     {
     65▕         return version_compare(PHP_VERSION, '8.4.0', '<')
  ➜  66▕             ? new PDO($dsn, $username, $password, $options)
     67▕             : PDO::connect($dsn, $username, $password, $options); /** @phpstan-ignore staticMethod.notFound (PHP 8.4) */
     68▕     }
     69▕ 
     70▕     /**

  1   vendor\laravel\framework\src\Illuminate\Database\Connectors\Connector.php:66
  2   vendor\laravel\framework\src\Illuminate\Database\Connectors\Connector.php:85

  ────────────────────────────────────────────────────────────────────────────  
   FAILED  Tests\Feature\Domain\DomainTest > user can delete…  QueryException   
  SQLSTATE[08006] [7] could not translate host name "postgresql" to address: Unknown host (Connection: pgsql, Host: postgresql, Port: 5432, Database: eye, SQL: select exists (select 1 from pg_class c, pg_namespace n where n.nspname = current_schema() and c.relname = 'migrations' and c.relkind in ('r', 'p') and n.oid = c.relnamespace))

  at vendor\laravel\framework\src\Illuminate\Database\Connectors\Connector.php:66
     62▕      */
     63▕     protected function createPdoConnection($dsn, $username, #[\SensitiveParameter] $password, $options)
     64▕     {
     65▕         return version_compare(PHP_VERSION, '8.4.0', '<')
  ➜  66▕             ? new PDO($dsn, $username, $password, $options)
     67▕             : PDO::connect($dsn, $username, $password, $options); /** @phpstan-ignore staticMethod.notFound (PHP 8.4) */
     68▕     }
     69▕ 
     70▕     /**

  1   vendor\laravel\framework\src\Illuminate\Database\Connectors\Connector.php:66
  2   vendor\laravel\framework\src\Illuminate\Database\Connectors\Connector.php:85

  ────────────────────────────────────────────────────────────────────────────  
   FAILED  Tests\Feature\Domain\DomainTest > user can rotate…  QueryException   
  SQLSTATE[08006] [7] could not translate host name "postgresql" to address: Unknown host (Connection: pgsql, Host: postgresql, Port: 5432, Database: eye, SQL: select exists (select 1 from pg_class c, pg_namespace n where n.nspname = current_schema() and c.relname = 'migrations' and c.relkind in ('r', 'p') and n.oid = c.relnamespace))

  at vendor\laravel\framework\src\Illuminate\Database\Connectors\Connector.php:66
     62▕      */
     63▕     protected function createPdoConnection($dsn, $username, #[\SensitiveParameter] $password, $options)
     64▕     {
     65▕         return version_compare(PHP_VERSION, '8.4.0', '<')
  ➜  66▕             ? new PDO($dsn, $username, $password, $options)
     67▕             : PDO::connect($dsn, $username, $password, $options); /** @phpstan-ignore staticMethod.notFound (PHP 8.4) */
     68▕     }
     69▕ 
     70▕     /**

  1   vendor\laravel\framework\src\Illuminate\Database\Connectors\Connector.php:66
  2   vendor\laravel\framework\src\Illuminate\Database\Connectors\Connector.php:85

  ────────────────────────────────────────────────────────────────────────────  
   FAILED  Tests\Feature\Domain\DomainTest > verify-script r…  QueryException   
  SQLSTATE[08006] [7] could not translate host name "postgresql" to address: Unknown host (Connection: pgsql, Host: postgresql, Port: 5432, Database: eye, SQL: select exists (select 1 from pg_class c, pg_namespace n where n.nspname = current_schema() and c.relname = 'migrations' and c.relkind in ('r', 'p') and n.oid = c.relnamespace))

  at vendor\laravel\framework\src\Illuminate\Database\Connectors\Connector.php:66
     62▕      */
     63▕     protected function createPdoConnection($dsn, $username, #[\SensitiveParameter] $password, $options)
     64▕     {
     65▕         return version_compare(PHP_VERSION, '8.4.0', '<')
  ➜  66▕             ? new PDO($dsn, $username, $password, $options)
     67▕             : PDO::connect($dsn, $username, $password, $options); /** @phpstan-ignore staticMethod.notFound (PHP 8.4) */
     68▕     }
     69▕ 
     70▕     /**

  1   vendor\laravel\framework\src\Illuminate\Database\Connectors\Connector.php:66
  2   vendor\laravel\framework\src\Illuminate\Database\Connectors\Connector.php:85

  ────────────────────────────────────────────────────────────────────────────  
   FAILED  Tests\Feature\Domain\DomainTest > verify-script r…  QueryException   
  SQLSTATE[08006] [7] could not translate host name "postgresql" to address: Unknown host (Connection: pgsql, Host: postgresql, Port: 5432, Database: eye, SQL: select exists (select 1 from pg_class c, pg_namespace n where n.nspname = current_schema() and c.relname = 'migrations' and c.relkind in ('r', 'p') and n.oid = c.relnamespace))

  at vendor\laravel\framework\src\Illuminate\Database\Connectors\Connector.php:66
     62▕      */
     63▕     protected function createPdoConnection($dsn, $username, #[\SensitiveParameter] $password, $options)
     64▕     {
     65▕         return version_compare(PHP_VERSION, '8.4.0', '<')
  ➜  66▕             ? new PDO($dsn, $username, $password, $options)
     67▕             : PDO::connect($dsn, $username, $password, $options); /** @phpstan-ignore staticMethod.notFound (PHP 8.4) */
     68▕     }
     69▕ 
     70▕     /**

  1   vendor\laravel\framework\src\Illuminate\Database\Connectors\Connector.php:66
  2   vendor\laravel\framework\src\Illuminate\Database\Connectors\Connector.php:85

  ────────────────────────────────────────────────────────────────────────────  
   FAILED  Tests\Feature\Domain\DomainTest > snippet endpoin…  QueryException   
  SQLSTATE[08006] [7] could not translate host name "postgresql" to address: Unknown host (Connection: pgsql, Host: postgresql, Port: 5432, Database: eye, SQL: select exists (select 1 from pg_class c, pg_namespace n where n.nspname = current_schema() and c.relname = 'migrations' and c.relkind in ('r', 'p') and n.oid = c.relnamespace))

  at vendor\laravel\framework\src\Illuminate\Database\Connectors\Connector.php:66
     62▕      */
     63▕     protected function createPdoConnection($dsn, $username, #[\SensitiveParameter] $password, $options)
     64▕     {
     65▕         return version_compare(PHP_VERSION, '8.4.0', '<')
  ➜  66▕             ? new PDO($dsn, $username, $password, $options)
     67▕             : PDO::connect($dsn, $username, $password, $options); /** @phpstan-ignore staticMethod.notFound (PHP 8.4) */
     68▕     }
     69▕ 
     70▕     /**

  1   vendor\laravel\framework\src\Illuminate\Database\Connectors\Connector.php:66
  2   vendor\laravel\framework\src\Illuminate\Database\Connectors\Connector.php:85

  ────────────────────────────────────────────────────────────────────────────  
   FAILED  Tests\Feature\Domain\DomainTest > user can add an…  QueryException   
  SQLSTATE[08006] [7] could not translate host name "postgresql" to address: Unknown host (Connection: pgsql, Host: postgresql, Port: 5432, Database: eye, SQL: select exists (select 1 from pg_class c, pg_namespace n where n.nspname = current_schema() and c.relname = 'migrations' and c.relkind in ('r', 'p') and n.oid = c.relnamespace))

  at vendor\laravel\framework\src\Illuminate\Database\Connectors\Connector.php:66
     62▕      */
     63▕     protected function createPdoConnection($dsn, $username, #[\SensitiveParameter] $password, $options)
     64▕     {
     65▕         return version_compare(PHP_VERSION, '8.4.0', '<')
  ➜  66▕             ? new PDO($dsn, $username, $password, $options)
     67▕             : PDO::connect($dsn, $username, $password, $options); /** @phpstan-ignore staticMethod.notFound (PHP 8.4) */
     68▕     }
     69▕ 
     70▕     /**

  1   vendor\laravel\framework\src\Illuminate\Database\Connectors\Connector.php:66
  2   vendor\laravel\framework\src\Illuminate\Database\Connectors\Connector.php:85

  ────────────────────────────────────────────────────────────────────────────  
   FAILED  Tests\Feature\Domain\DomainTest > user can list e…  QueryException   
  SQLSTATE[08006] [7] could not translate host name "postgresql" to address: Unknown host (Connection: pgsql, Host: postgresql, Port: 5432, Database: eye, SQL: select exists (select 1 from pg_class c, pg_namespace n where n.nspname = current_schema() and c.relname = 'migrations' and c.relkind in ('r', 'p') and n.oid = c.relnamespace))

  at vendor\laravel\framework\src\Illuminate\Database\Connectors\Connector.php:66
     62▕      */
     63▕     protected function createPdoConnection($dsn, $username, #[\SensitiveParameter] $password, $options)
     64▕     {
     65▕         return version_compare(PHP_VERSION, '8.4.0', '<')
  ➜  66▕             ? new PDO($dsn, $username, $password, $options)
     67▕             : PDO::connect($dsn, $username, $password, $options); /** @phpstan-ignore staticMethod.notFound (PHP 8.4) */
     68▕     }
     69▕ 
     70▕     /**

  1   vendor\laravel\framework\src\Illuminate\Database\Connectors\Connector.php:66
  2   vendor\laravel\framework\src\Illuminate\Database\Connectors\Connector.php:85

  ────────────────────────────────────────────────────────────────────────────  
   FAILED  Tests\Feature\Domain\DomainTest > user can delete…  QueryException   
  SQLSTATE[08006] [7] could not translate host name "postgresql" to address: Unknown host (Connection: pgsql, Host: postgresql, Port: 5432, Database: eye, SQL: select exists (select 1 from pg_class c, pg_namespace n where n.nspname = current_schema() and c.relname = 'migrations' and c.relkind in ('r', 'p') and n.oid = c.relnamespace))

  at vendor\laravel\framework\src\Illuminate\Database\Connectors\Connector.php:66
     62▕      */
     63▕     protected function createPdoConnection($dsn, $username, #[\SensitiveParameter] $password, $options)
     64▕     {
     65▕         return version_compare(PHP_VERSION, '8.4.0', '<')
  ➜  66▕             ? new PDO($dsn, $username, $password, $options)
     67▕             : PDO::connect($dsn, $username, $password, $options); /** @phpstan-ignore staticMethod.notFound (PHP 8.4) */
     68▕     }
     69▕ 
     70▕     /**

  1   vendor\laravel\framework\src\Illuminate\Database\Connectors\Connector.php:66
  2   vendor\laravel\framework\src\Illuminate\Database\Connectors\Connector.php:85

  ────────────────────────────────────────────────────────────────────────────  
   FAILED  Tests\Feature\ExampleTest > the application returns a successful…    
  Expected response status code [200] but received 500.
Failed asserting that 500 is identical to 200.

  at tests\Feature\ExampleTest.php:6
      2▕ 
      3▕ test('the application returns a successful response', function () {
      4▕     $response = $this->get('/');
      5▕ 
  ➜   6▕     $response->assertStatus(200);
      7▕ });
      8▕

  ────────────────────────────────────────────────────────────────────────────  
   FAILED  Tests\Feature\Export\ExportTest > can request an…   QueryException   
  SQLSTATE[08006] [7] could not translate host name "postgresql" to address: Unknown host (Connection: pgsql, Host: postgresql, Port: 5432, Database: eye, SQL: select exists (select 1 from pg_class c, pg_namespace n where n.nspname = current_schema() and c.relname = 'migrations' and c.relkind in ('r', 'p') and n.oid = c.relnamespace))

  at vendor\laravel\framework\src\Illuminate\Database\Connectors\Connector.php:66
     62▕      */
     63▕     protected function createPdoConnection($dsn, $username, #[\SensitiveParameter] $password, $options)
     64▕     {
     65▕         return version_compare(PHP_VERSION, '8.4.0', '<')
  ➜  66▕             ? new PDO($dsn, $username, $password, $options)
     67▕             : PDO::connect($dsn, $username, $password, $options); /** @phpstan-ignore staticMethod.notFound (PHP 8.4) */
     68▕     }
     69▕ 
     70▕     /**

  1   vendor\laravel\framework\src\Illuminate\Database\Connectors\Connector.php:66
  2   vendor\laravel\framework\src\Illuminate\Database\Connectors\Connector.php:85

  ────────────────────────────────────────────────────────────────────────────  
   FAILED  Tests\Feature\Export\ExportTest > can list export…  QueryException   
  SQLSTATE[08006] [7] could not translate host name "postgresql" to address: Unknown host (Connection: pgsql, Host: postgresql, Port: 5432, Database: eye, SQL: select exists (select 1 from pg_class c, pg_namespace n where n.nspname = current_schema() and c.relname = 'migrations' and c.relkind in ('r', 'p') and n.oid = c.relnamespace))

  at vendor\laravel\framework\src\Illuminate\Database\Connectors\Connector.php:66
     62▕      */
     63▕     protected function createPdoConnection($dsn, $username, #[\SensitiveParameter] $password, $options)
     64▕     {
     65▕         return version_compare(PHP_VERSION, '8.4.0', '<')
  ➜  66▕             ? new PDO($dsn, $username, $password, $options)
     67▕             : PDO::connect($dsn, $username, $password, $options); /** @phpstan-ignore staticMethod.notFound (PHP 8.4) */
     68▕     }
     69▕ 
     70▕     /**

  1   vendor\laravel\framework\src\Illuminate\Database\Connectors\Connector.php:66
  2   vendor\laravel\framework\src\Illuminate\Database\Connectors\Connector.php:85

  ────────────────────────────────────────────────────────────────────────────  
   FAILED  Tests\Feature\Export\ExportTest > export job is s…  QueryException   
  SQLSTATE[08006] [7] could not translate host name "postgresql" to address: Unknown host (Connection: pgsql, Host: postgresql, Port: 5432, Database: eye, SQL: select exists (select 1 from pg_class c, pg_namespace n where n.nspname = current_schema() and c.relname = 'migrations' and c.relkind in ('r', 'p') and n.oid = c.relnamespace))

  at vendor\laravel\framework\src\Illuminate\Database\Connectors\Connector.php:66
     62▕      */
     63▕     protected function createPdoConnection($dsn, $username, #[\SensitiveParameter] $password, $options)
     64▕     {
     65▕         return version_compare(PHP_VERSION, '8.4.0', '<')
  ➜  66▕             ? new PDO($dsn, $username, $password, $options)
     67▕             : PDO::connect($dsn, $username, $password, $options); /** @phpstan-ignore staticMethod.notFound (PHP 8.4) */
     68▕     }
     69▕ 
     70▕     /**

  1   vendor\laravel\framework\src\Illuminate\Database\Connectors\Connector.php:66
  2   vendor\laravel\framework\src\Illuminate\Database\Connectors\Connector.php:85

  ────────────────────────────────────────────────────────────────────────────  
   FAILED  Tests\Feature\Export\ExportTest > cannot download…  QueryException   
  SQLSTATE[08006] [7] could not translate host name "postgresql" to address: Unknown host (Connection: pgsql, Host: postgresql, Port: 5432, Database: eye, SQL: select exists (select 1 from pg_class c, pg_namespace n where n.nspname = current_schema() and c.relname = 'migrations' and c.relkind in ('r', 'p') and n.oid = c.relnamespace))

  at vendor\laravel\framework\src\Illuminate\Database\Connectors\Connector.php:66
     62▕      */
     63▕     protected function createPdoConnection($dsn, $username, #[\SensitiveParameter] $password, $options)
     64▕     {
     65▕         return version_compare(PHP_VERSION, '8.4.0', '<')
  ➜  66▕             ? new PDO($dsn, $username, $password, $options)
     67▕             : PDO::connect($dsn, $username, $password, $options); /** @phpstan-ignore staticMethod.notFound (PHP 8.4) */
     68▕     }
     69▕ 
     70▕     /**

  1   vendor\laravel\framework\src\Illuminate\Database\Connectors\Connector.php:66
  2   vendor\laravel\framework\src\Illuminate\Database\Connectors\Connector.php:85

  ────────────────────────────────────────────────────────────────────────────  
   FAILED  Tests\Feature\Notifications\NotificationTest > ca…  QueryException   
  SQLSTATE[08006] [7] could not translate host name "postgresql" to address: Unknown host (Connection: pgsql, Host: postgresql, Port: 5432, Database: eye, SQL: select exists (select 1 from pg_class c, pg_namespace n where n.nspname = current_schema() and c.relname = 'migrations' and c.relkind in ('r', 'p') and n.oid = c.relnamespace))

  at vendor\laravel\framework\src\Illuminate\Database\Connectors\Connector.php:66
     62▕      */
     63▕     protected function createPdoConnection($dsn, $username, #[\SensitiveParameter] $password, $options)
     64▕     {
     65▕         return version_compare(PHP_VERSION, '8.4.0', '<')
  ➜  66▕             ? new PDO($dsn, $username, $password, $options)
     67▕             : PDO::connect($dsn, $username, $password, $options); /** @phpstan-ignore staticMethod.notFound (PHP 8.4) */
     68▕     }
     69▕ 
     70▕     /**

  1   vendor\laravel\framework\src\Illuminate\Database\Connectors\Connector.php:66
  2   vendor\laravel\framework\src\Illuminate\Database\Connectors\Connector.php:85

  ────────────────────────────────────────────────────────────────────────────  
   FAILED  Tests\Feature\Notifications\NotificationTest > ca…  QueryException   
  SQLSTATE[08006] [7] could not translate host name "postgresql" to address: Unknown host (Connection: pgsql, Host: postgresql, Port: 5432, Database: eye, SQL: select exists (select 1 from pg_class c, pg_namespace n where n.nspname = current_schema() and c.relname = 'migrations' and c.relkind in ('r', 'p') and n.oid = c.relnamespace))

  at vendor\laravel\framework\src\Illuminate\Database\Connectors\Connector.php:66
     62▕      */
     63▕     protected function createPdoConnection($dsn, $username, #[\SensitiveParameter] $password, $options)
     64▕     {
     65▕         return version_compare(PHP_VERSION, '8.4.0', '<')
  ➜  66▕             ? new PDO($dsn, $username, $password, $options)
     67▕             : PDO::connect($dsn, $username, $password, $options); /** @phpstan-ignore staticMethod.notFound (PHP 8.4) */
     68▕     }
     69▕ 
     70▕     /**

  1   vendor\laravel\framework\src\Illuminate\Database\Connectors\Connector.php:66
  2   vendor\laravel\framework\src\Illuminate\Database\Connectors\Connector.php:85

  ────────────────────────────────────────────────────────────────────────────  
   FAILED  Tests\Feature\Notifications\NotificationTest > ca…  QueryException   
  SQLSTATE[08006] [7] could not translate host name "postgresql" to address: Unknown host (Connection: pgsql, Host: postgresql, Port: 5432, Database: eye, SQL: select exists (select 1 from pg_class c, pg_namespace n where n.nspname = current_schema() and c.relname = 'migrations' and c.relkind in ('r', 'p') and n.oid = c.relnamespace))

  at vendor\laravel\framework\src\Illuminate\Database\Connectors\Connector.php:66
     62▕      */
     63▕     protected function createPdoConnection($dsn, $username, #[\SensitiveParameter] $password, $options)
     64▕     {
     65▕         return version_compare(PHP_VERSION, '8.4.0', '<')
  ➜  66▕             ? new PDO($dsn, $username, $password, $options)
     67▕             : PDO::connect($dsn, $username, $password, $options); /** @phpstan-ignore staticMethod.notFound (PHP 8.4) */
     68▕     }
     69▕ 
     70▕     /**

  1   vendor\laravel\framework\src\Illuminate\Database\Connectors\Connector.php:66
  2   vendor\laravel\framework\src\Illuminate\Database\Connectors\Connector.php:85

  ────────────────────────────────────────────────────────────────────────────  
   FAILED  Tests\Feature\Notifications\NotificationTest > ca…  QueryException   
  SQLSTATE[08006] [7] could not translate host name "postgresql" to address: Unknown host (Connection: pgsql, Host: postgresql, Port: 5432, Database: eye, SQL: select exists (select 1 from pg_class c, pg_namespace n where n.nspname = current_schema() and c.relname = 'migrations' and c.relkind in ('r', 'p') and n.oid = c.relnamespace))

  at vendor\laravel\framework\src\Illuminate\Database\Connectors\Connector.php:66
     62▕      */
     63▕     protected function createPdoConnection($dsn, $username, #[\SensitiveParameter] $password, $options)
     64▕     {
     65▕         return version_compare(PHP_VERSION, '8.4.0', '<')
  ➜  66▕             ? new PDO($dsn, $username, $password, $options)
     67▕             : PDO::connect($dsn, $username, $password, $options); /** @phpstan-ignore staticMethod.notFound (PHP 8.4) */
     68▕     }
     69▕ 
     70▕     /**

  1   vendor\laravel\framework\src\Illuminate\Database\Connectors\Connector.php:66
  2   vendor\laravel\framework\src\Illuminate\Database\Connectors\Connector.php:85

  ────────────────────────────────────────────────────────────────────────────  
   FAILED  Tests\Feature\Notifications\NotificationTest > ca…  QueryException   
  SQLSTATE[08006] [7] could not translate host name "postgresql" to address: Unknown host (Connection: pgsql, Host: postgresql, Port: 5432, Database: eye, SQL: select exists (select 1 from pg_class c, pg_namespace n where n.nspname = current_schema() and c.relname = 'migrations' and c.relkind in ('r', 'p') and n.oid = c.relnamespace))

  at vendor\laravel\framework\src\Illuminate\Database\Connectors\Connector.php:66
     62▕      */
     63▕     protected function createPdoConnection($dsn, $username, #[\SensitiveParameter] $password, $options)
     64▕     {
     65▕         return version_compare(PHP_VERSION, '8.4.0', '<')
  ➜  66▕             ? new PDO($dsn, $username, $password, $options)
     67▕             : PDO::connect($dsn, $username, $password, $options); /** @phpstan-ignore staticMethod.notFound (PHP 8.4) */
     68▕     }
     69▕ 
     70▕     /**

  1   vendor\laravel\framework\src\Illuminate\Database\Connectors\Connector.php:66
  2   vendor\laravel\framework\src\Illuminate\Database\Connectors\Connector.php:85

  ────────────────────────────────────────────────────────────────────────────  
   FAILED  Tests\Feature\Notifications\NotificationTest > ca…  QueryException   
  SQLSTATE[08006] [7] could not translate host name "postgresql" to address: Unknown host (Connection: pgsql, Host: postgresql, Port: 5432, Database: eye, SQL: select exists (select 1 from pg_class c, pg_namespace n where n.nspname = current_schema() and c.relname = 'migrations' and c.relkind in ('r', 'p') and n.oid = c.relnamespace))

  at vendor\laravel\framework\src\Illuminate\Database\Connectors\Connector.php:66
     62▕      */
     63▕     protected function createPdoConnection($dsn, $username, #[\SensitiveParameter] $password, $options)
     64▕     {
     65▕         return version_compare(PHP_VERSION, '8.4.0', '<')
  ➜  66▕             ? new PDO($dsn, $username, $password, $options)
     67▕             : PDO::connect($dsn, $username, $password, $options); /** @phpstan-ignore staticMethod.notFound (PHP 8.4) */
     68▕     }
     69▕ 
     70▕     /**

  1   vendor\laravel\framework\src\Illuminate\Database\Connectors\Connector.php:66
  2   vendor\laravel\framework\src\Illuminate\Database\Connectors\Connector.php:85

  ────────────────────────────────────────────────────────────────────────────  
   FAILED  Tests\Feature\Notifications\NotificationTest > ca…  QueryException   
  SQLSTATE[08006] [7] could not translate host name "postgresql" to address: Unknown host (Connection: pgsql, Host: postgresql, Port: 5432, Database: eye, SQL: select exists (select 1 from pg_class c, pg_namespace n where n.nspname = current_schema() and c.relname = 'migrations' and c.relkind in ('r', 'p') and n.oid = c.relnamespace))

  at vendor\laravel\framework\src\Illuminate\Database\Connectors\Connector.php:66
     62▕      */
     63▕     protected function createPdoConnection($dsn, $username, #[\SensitiveParameter] $password, $options)
     64▕     {
     65▕         return version_compare(PHP_VERSION, '8.4.0', '<')
  ➜  66▕             ? new PDO($dsn, $username, $password, $options)
     67▕             : PDO::connect($dsn, $username, $password, $options); /** @phpstan-ignore staticMethod.notFound (PHP 8.4) */
     68▕     }
     69▕ 
     70▕     /**

  1   vendor\laravel\framework\src\Illuminate\Database\Connectors\Connector.php:66
  2   vendor\laravel\framework\src\Illuminate\Database\Connectors\Connector.php:85

  ────────────────────────────────────────────────────────────────────────────  
   FAILED  Tests\Feature\SharedReports\SharedReportTest > ca…  QueryException   
  SQLSTATE[08006] [7] could not translate host name "postgresql" to address: Unknown host (Connection: pgsql, Host: postgresql, Port: 5432, Database: eye, SQL: select exists (select 1 from pg_class c, pg_namespace n where n.nspname = current_schema() and c.relname = 'migrations' and c.relkind in ('r', 'p') and n.oid = c.relnamespace))

  at vendor\laravel\framework\src\Illuminate\Database\Connectors\Connector.php:66
     62▕      */
     63▕     protected function createPdoConnection($dsn, $username, #[\SensitiveParameter] $password, $options)
     64▕     {
     65▕         return version_compare(PHP_VERSION, '8.4.0', '<')
  ➜  66▕             ? new PDO($dsn, $username, $password, $options)
     67▕             : PDO::connect($dsn, $username, $password, $options); /** @phpstan-ignore staticMethod.notFound (PHP 8.4) */
     68▕     }
     69▕ 
     70▕     /**

  1   vendor\laravel\framework\src\Illuminate\Database\Connectors\Connector.php:66
  2   vendor\laravel\framework\src\Illuminate\Database\Connectors\Connector.php:85

  ────────────────────────────────────────────────────────────────────────────  
   FAILED  Tests\Feature\SharedReports\SharedReportTest > pu…  QueryException   
  SQLSTATE[08006] [7] could not translate host name "postgresql" to address: Unknown host (Connection: pgsql, Host: postgresql, Port: 5432, Database: eye, SQL: select exists (select 1 from pg_class c, pg_namespace n where n.nspname = current_schema() and c.relname = 'migrations' and c.relkind in ('r', 'p') and n.oid = c.relnamespace))

  at vendor\laravel\framework\src\Illuminate\Database\Connectors\Connector.php:66
     62▕      */
     63▕     protected function createPdoConnection($dsn, $username, #[\SensitiveParameter] $password, $options)
     64▕     {
     65▕         return version_compare(PHP_VERSION, '8.4.0', '<')
  ➜  66▕             ? new PDO($dsn, $username, $password, $options)
     67▕             : PDO::connect($dsn, $username, $password, $options); /** @phpstan-ignore staticMethod.notFound (PHP 8.4) */
     68▕     }
     69▕ 
     70▕     /**

  1   vendor\laravel\framework\src\Illuminate\Database\Connectors\Connector.php:66
  2   vendor\laravel\framework\src\Illuminate\Database\Connectors\Connector.php:85

  ────────────────────────────────────────────────────────────────────────────  
   FAILED  Tests\Feature\SharedReports\SharedReportTest > pu…  QueryException   
  SQLSTATE[08006] [7] could not translate host name "postgresql" to address: Unknown host (Connection: pgsql, Host: postgresql, Port: 5432, Database: eye, SQL: select exists (select 1 from pg_class c, pg_namespace n where n.nspname = current_schema() and c.relname = 'migrations' and c.relkind in ('r', 'p') and n.oid = c.relnamespace))

  at vendor\laravel\framework\src\Illuminate\Database\Connectors\Connector.php:66
     62▕      */
     63▕     protected function createPdoConnection($dsn, $username, #[\SensitiveParameter] $password, $options)
     64▕     {
     65▕         return version_compare(PHP_VERSION, '8.4.0', '<')
  ➜  66▕             ? new PDO($dsn, $username, $password, $options)
     67▕             : PDO::connect($dsn, $username, $password, $options); /** @phpstan-ignore staticMethod.notFound (PHP 8.4) */
     68▕     }
     69▕ 
     70▕     /**

  1   vendor\laravel\framework\src\Illuminate\Database\Connectors\Connector.php:66
  2   vendor\laravel\framework\src\Illuminate\Database\Connectors\Connector.php:85

  ────────────────────────────────────────────────────────────────────────────  
   FAILED  Tests\Feature\SharedReports\SharedReportTest > pu…  QueryException   
  SQLSTATE[08006] [7] could not translate host name "postgresql" to address: Unknown host (Connection: pgsql, Host: postgresql, Port: 5432, Database: eye, SQL: select exists (select 1 from pg_class c, pg_namespace n where n.nspname = current_schema() and c.relname = 'migrations' and c.relkind in ('r', 'p') and n.oid = c.relnamespace))

  at vendor\laravel\framework\src\Illuminate\Database\Connectors\Connector.php:66
     62▕      */
     63▕     protected function createPdoConnection($dsn, $username, #[\SensitiveParameter] $password, $options)
     64▕     {
     65▕         return version_compare(PHP_VERSION, '8.4.0', '<')
  ➜  66▕             ? new PDO($dsn, $username, $password, $options)
     67▕             : PDO::connect($dsn, $username, $password, $options); /** @phpstan-ignore staticMethod.notFound (PHP 8.4) */
     68▕     }
     69▕ 
     70▕     /**

  1   vendor\laravel\framework\src\Illuminate\Database\Connectors\Connector.php:66
  2   vendor\laravel\framework\src\Illuminate\Database\Connectors\Connector.php:85

  ────────────────────────────────────────────────────────────────────────────  
   FAILED  Tests\Feature\SharedReports\SharedReportTest > ca…  QueryException   
  SQLSTATE[08006] [7] could not translate host name "postgresql" to address: Unknown host (Connection: pgsql, Host: postgresql, Port: 5432, Database: eye, SQL: select exists (select 1 from pg_class c, pg_namespace n where n.nspname = current_schema() and c.relname = 'migrations' and c.relkind in ('r', 'p') and n.oid = c.relnamespace))

  at vendor\laravel\framework\src\Illuminate\Database\Connectors\Connector.php:66
     62▕      */
     63▕     protected function createPdoConnection($dsn, $username, #[\SensitiveParameter] $password, $options)
     64▕     {
     65▕         return version_compare(PHP_VERSION, '8.4.0', '<')
  ➜  66▕             ? new PDO($dsn, $username, $password, $options)
     67▕             : PDO::connect($dsn, $username, $password, $options); /** @phpstan-ignore staticMethod.notFound (PHP 8.4) */
     68▕     }
     69▕ 
     70▕     /**

  1   vendor\laravel\framework\src\Illuminate\Database\Connectors\Connector.php:66
  2   vendor\laravel\framework\src\Illuminate\Database\Connectors\Connector.php:85

  ────────────────────────────────────────────────────────────────────────────  
   FAILED  Tests\Feature\SharedReports\SharedReportTest > ca…  QueryException   
  SQLSTATE[08006] [7] could not translate host name "postgresql" to address: Unknown host (Connection: pgsql, Host: postgresql, Port: 5432, Database: eye, SQL: select exists (select 1 from pg_class c, pg_namespace n where n.nspname = current_schema() and c.relname = 'migrations' and c.relkind in ('r', 'p') and n.oid = c.relnamespace))

  at vendor\laravel\framework\src\Illuminate\Database\Connectors\Connector.php:66
     62▕      */
     63▕     protected function createPdoConnection($dsn, $username, #[\SensitiveParameter] $password, $options)
     64▕     {
     65▕         return version_compare(PHP_VERSION, '8.4.0', '<')
  ➜  66▕             ? new PDO($dsn, $username, $password, $options)
     67▕             : PDO::connect($dsn, $username, $password, $options); /** @phpstan-ignore staticMethod.notFound (PHP 8.4) */
     68▕     }
     69▕ 
     70▕     /**

  1   vendor\laravel\framework\src\Illuminate\Database\Connectors\Connector.php:66
  2   vendor\laravel\framework\src\Illuminate\Database\Connectors\Connector.php:85

  ────────────────────────────────────────────────────────────────────────────  
   FAILED  Tests\Feature\Tracker\TrackerTest > valid pagevie…  QueryException   
  SQLSTATE[08006] [7] could not translate host name "postgresql" to address: Unknown host (Connection: pgsql, Host: postgresql, Port: 5432, Database: eye, SQL: select exists (select 1 from pg_class c, pg_namespace n where n.nspname = current_schema() and c.relname = 'migrations' and c.relkind in ('r', 'p') and n.oid = c.relnamespace))

  at vendor\laravel\framework\src\Illuminate\Database\Connectors\Connector.php:66
     62▕      */
     63▕     protected function createPdoConnection($dsn, $username, #[\SensitiveParameter] $password, $options)
     64▕     {
     65▕         return version_compare(PHP_VERSION, '8.4.0', '<')
  ➜  66▕             ? new PDO($dsn, $username, $password, $options)
     67▕             : PDO::connect($dsn, $username, $password, $options); /** @phpstan-ignore staticMethod.notFound (PHP 8.4) */
     68▕     }
     69▕ 
     70▕     /**

  1   vendor\laravel\framework\src\Illuminate\Database\Connectors\Connector.php:66
  2   vendor\laravel\framework\src\Illuminate\Database\Connectors\Connector.php:85

  ────────────────────────────────────────────────────────────────────────────  
   FAILED  Tests\Feature\Tracker\TrackerTest > missing token…  QueryException   
  SQLSTATE[08006] [7] could not translate host name "postgresql" to address: Unknown host (Connection: pgsql, Host: postgresql, Port: 5432, Database: eye, SQL: select exists (select 1 from pg_class c, pg_namespace n where n.nspname = current_schema() and c.relname = 'migrations' and c.relkind in ('r', 'p') and n.oid = c.relnamespace))

  at vendor\laravel\framework\src\Illuminate\Database\Connectors\Connector.php:66
     62▕      */
     63▕     protected function createPdoConnection($dsn, $username, #[\SensitiveParameter] $password, $options)
     64▕     {
     65▕         return version_compare(PHP_VERSION, '8.4.0', '<')
  ➜  66▕             ? new PDO($dsn, $username, $password, $options)
     67▕             : PDO::connect($dsn, $username, $password, $options); /** @phpstan-ignore staticMethod.notFound (PHP 8.4) */
     68▕     }
     69▕ 
     70▕     /**

  1   vendor\laravel\framework\src\Illuminate\Database\Connectors\Connector.php:66
  2   vendor\laravel\framework\src\Illuminate\Database\Connectors\Connector.php:85

  ────────────────────────────────────────────────────────────────────────────  
   FAILED  Tests\Feature\Tracker\TrackerTest > unknown token…  QueryException   
  SQLSTATE[08006] [7] could not translate host name "postgresql" to address: Unknown host (Connection: pgsql, Host: postgresql, Port: 5432, Database: eye, SQL: select exists (select 1 from pg_class c, pg_namespace n where n.nspname = current_schema() and c.relname = 'migrations' and c.relkind in ('r', 'p') and n.oid = c.relnamespace))

  at vendor\laravel\framework\src\Illuminate\Database\Connectors\Connector.php:66
     62▕      */
     63▕     protected function createPdoConnection($dsn, $username, #[\SensitiveParameter] $password, $options)
     64▕     {
     65▕         return version_compare(PHP_VERSION, '8.4.0', '<')
  ➜  66▕             ? new PDO($dsn, $username, $password, $options)
     67▕             : PDO::connect($dsn, $username, $password, $options); /** @phpstan-ignore staticMethod.notFound (PHP 8.4) */
     68▕     }
     69▕ 
     70▕     /**

  1   vendor\laravel\framework\src\Illuminate\Database\Connectors\Connector.php:66
  2   vendor\laravel\framework\src\Illuminate\Database\Connectors\Connector.php:85

  ────────────────────────────────────────────────────────────────────────────  
   FAILED  Tests\Feature\Tracker\TrackerTest > inactive doma…  QueryException   
  SQLSTATE[08006] [7] could not translate host name "postgresql" to address: Unknown host (Connection: pgsql, Host: postgresql, Port: 5432, Database: eye, SQL: select exists (select 1 from pg_class c, pg_namespace n where n.nspname = current_schema() and c.relname = 'migrations' and c.relkind in ('r', 'p') and n.oid = c.relnamespace))

  at vendor\laravel\framework\src\Illuminate\Database\Connectors\Connector.php:66
     62▕      */
     63▕     protected function createPdoConnection($dsn, $username, #[\SensitiveParameter] $password, $options)
     64▕     {
     65▕         return version_compare(PHP_VERSION, '8.4.0', '<')
  ➜  66▕             ? new PDO($dsn, $username, $password, $options)
     67▕             : PDO::connect($dsn, $username, $password, $options); /** @phpstan-ignore staticMethod.notFound (PHP 8.4) */
     68▕     }
     69▕ 
     70▕     /**

  1   vendor\laravel\framework\src\Illuminate\Database\Connectors\Connector.php:66
  2   vendor\laravel\framework\src\Illuminate\Database\Connectors\Connector.php:85

  ────────────────────────────────────────────────────────────────────────────  
   FAILED  Tests\Feature\Tracker\TrackerTest > grace-period…   QueryException   
  SQLSTATE[08006] [7] could not translate host name "postgresql" to address: Unknown host (Connection: pgsql, Host: postgresql, Port: 5432, Database: eye, SQL: select exists (select 1 from pg_class c, pg_namespace n where n.nspname = current_schema() and c.relname = 'migrations' and c.relkind in ('r', 'p') and n.oid = c.relnamespace))

  at vendor\laravel\framework\src\Illuminate\Database\Connectors\Connector.php:66
     62▕      */
     63▕     protected function createPdoConnection($dsn, $username, #[\SensitiveParameter] $password, $options)
     64▕     {
     65▕         return version_compare(PHP_VERSION, '8.4.0', '<')
  ➜  66▕             ? new PDO($dsn, $username, $password, $options)
     67▕             : PDO::connect($dsn, $username, $password, $options); /** @phpstan-ignore staticMethod.notFound (PHP 8.4) */
     68▕     }
     69▕ 
     70▕     /**

  1   vendor\laravel\framework\src\Illuminate\Database\Connectors\Connector.php:66
  2   vendor\laravel\framework\src\Illuminate\Database\Connectors\Connector.php:85

  ────────────────────────────────────────────────────────────────────────────  
   FAILED  Tests\Feature\Tracker\TrackerTest > expired previ…  QueryException   
  SQLSTATE[08006] [7] could not translate host name "postgresql" to address: Unknown host (Connection: pgsql, Host: postgresql, Port: 5432, Database: eye, SQL: select exists (select 1 from pg_class c, pg_namespace n where n.nspname = current_schema() and c.relname = 'migrations' and c.relkind in ('r', 'p') and n.oid = c.relnamespace))

  at vendor\laravel\framework\src\Illuminate\Database\Connectors\Connector.php:66
     62▕      */
     63▕     protected function createPdoConnection($dsn, $username, #[\SensitiveParameter] $password, $options)
     64▕     {
     65▕         return version_compare(PHP_VERSION, '8.4.0', '<')
  ➜  66▕             ? new PDO($dsn, $username, $password, $options)
     67▕             : PDO::connect($dsn, $username, $password, $options); /** @phpstan-ignore staticMethod.notFound (PHP 8.4) */
     68▕     }
     69▕ 
     70▕     /**

  1   vendor\laravel\framework\src\Illuminate\Database\Connectors\Connector.php:66
  2   vendor\laravel\framework\src\Illuminate\Database\Connectors\Connector.php:85

  ────────────────────────────────────────────────────────────────────────────  
   FAILED  Tests\Feature\Tracker\TrackerTest > first hit mar…  QueryException   
  SQLSTATE[08006] [7] could not translate host name "postgresql" to address: Unknown host (Connection: pgsql, Host: postgresql, Port: 5432, Database: eye, SQL: select exists (select 1 from pg_class c, pg_namespace n where n.nspname = current_schema() and c.relname = 'migrations' and c.relkind in ('r', 'p') and n.oid = c.relnamespace))

  at vendor\laravel\framework\src\Illuminate\Database\Connectors\Connector.php:66
     62▕      */
     63▕     protected function createPdoConnection($dsn, $username, #[\SensitiveParameter] $password, $options)
     64▕     {
     65▕         return version_compare(PHP_VERSION, '8.4.0', '<')
  ➜  66▕             ? new PDO($dsn, $username, $password, $options)
     67▕             : PDO::connect($dsn, $username, $password, $options); /** @phpstan-ignore staticMethod.notFound (PHP 8.4) */
     68▕     }
     69▕ 
     70▕     /**

  1   vendor\laravel\framework\src\Illuminate\Database\Connectors\Connector.php:66
  2   vendor\laravel\framework\src\Illuminate\Database\Connectors\Connector.php:85

  ────────────────────────────────────────────────────────────────────────────  
   FAILED  Tests\Feature\Tracker\TrackerTest > cors prefligh…  QueryException   
  SQLSTATE[08006] [7] could not translate host name "postgresql" to address: Unknown host (Connection: pgsql, Host: postgresql, Port: 5432, Database: eye, SQL: select exists (select 1 from pg_class c, pg_namespace n where n.nspname = current_schema() and c.relname = 'migrations' and c.relkind in ('r', 'p') and n.oid = c.relnamespace))

  at vendor\laravel\framework\src\Illuminate\Database\Connectors\Connector.php:66
     62▕      */
     63▕     protected function createPdoConnection($dsn, $username, #[\SensitiveParameter] $password, $options)
     64▕     {
     65▕         return version_compare(PHP_VERSION, '8.4.0', '<')
  ➜  66▕             ? new PDO($dsn, $username, $password, $options)
     67▕             : PDO::connect($dsn, $username, $password, $options); /** @phpstan-ignore staticMethod.notFound (PHP 8.4) */
     68▕     }
     69▕ 
     70▕     /**

  1   vendor\laravel\framework\src\Illuminate\Database\Connectors\Connector.php:66
  2   vendor\laravel\framework\src\Illuminate\Database\Connectors\Connector.php:85

  ────────────────────────────────────────────────────────────────────────────  
   FAILED  Tests\Feature\Tracker\TrackerTest > custom event…   QueryException   
  SQLSTATE[08006] [7] could not translate host name "postgresql" to address: Unknown host (Connection: pgsql, Host: postgresql, Port: 5432, Database: eye, SQL: select exists (select 1 from pg_class c, pg_namespace n where n.nspname = current_schema() and c.relname = 'migrations' and c.relkind in ('r', 'p') and n.oid = c.relnamespace))

  at vendor\laravel\framework\src\Illuminate\Database\Connectors\Connector.php:66
     62▕      */
     63▕     protected function createPdoConnection($dsn, $username, #[\SensitiveParameter] $password, $options)
     64▕     {
     65▕         return version_compare(PHP_VERSION, '8.4.0', '<')
  ➜  66▕             ? new PDO($dsn, $username, $password, $options)
     67▕             : PDO::connect($dsn, $username, $password, $options); /** @phpstan-ignore staticMethod.notFound (PHP 8.4) */
     68▕     }
     69▕ 
     70▕     /**

  1   vendor\laravel\framework\src\Illuminate\Database\Connectors\Connector.php:66
  2   vendor\laravel\framework\src\Illuminate\Database\Connectors\Connector.php:85

  ────────────────────────────────────────────────────────────────────────────  
   FAILED  Tests\Feature\Webhooks\WebhookTest > can list web…  QueryException   
  SQLSTATE[08006] [7] could not translate host name "postgresql" to address: Unknown host (Connection: pgsql, Host: postgresql, Port: 5432, Database: eye, SQL: select exists (select 1 from pg_class c, pg_namespace n where n.nspname = current_schema() and c.relname = 'migrations' and c.relkind in ('r', 'p') and n.oid = c.relnamespace))

  at vendor\laravel\framework\src\Illuminate\Database\Connectors\Connector.php:66
     62▕      */
     63▕     protected function createPdoConnection($dsn, $username, #[\SensitiveParameter] $password, $options)
     64▕     {
     65▕         return version_compare(PHP_VERSION, '8.4.0', '<')
  ➜  66▕             ? new PDO($dsn, $username, $password, $options)
     67▕             : PDO::connect($dsn, $username, $password, $options); /** @phpstan-ignore staticMethod.notFound (PHP 8.4) */
     68▕     }
     69▕ 
     70▕     /**

  1   vendor\laravel\framework\src\Illuminate\Database\Connectors\Connector.php:66
  2   vendor\laravel\framework\src\Illuminate\Database\Connectors\Connector.php:85

  ────────────────────────────────────────────────────────────────────────────  
   FAILED  Tests\Feature\Webhooks\WebhookTest > can create a…  QueryException   
  SQLSTATE[08006] [7] could not translate host name "postgresql" to address: Unknown host (Connection: pgsql, Host: postgresql, Port: 5432, Database: eye, SQL: select exists (select 1 from pg_class c, pg_namespace n where n.nspname = current_schema() and c.relname = 'migrations' and c.relkind in ('r', 'p') and n.oid = c.relnamespace))

  at vendor\laravel\framework\src\Illuminate\Database\Connectors\Connector.php:66
     62▕      */
     63▕     protected function createPdoConnection($dsn, $username, #[\SensitiveParameter] $password, $options)
     64▕     {
     65▕         return version_compare(PHP_VERSION, '8.4.0', '<')
  ➜  66▕             ? new PDO($dsn, $username, $password, $options)
     67▕             : PDO::connect($dsn, $username, $password, $options); /** @phpstan-ignore staticMethod.notFound (PHP 8.4) */
     68▕     }
     69▕ 
     70▕     /**

  1   vendor\laravel\framework\src\Illuminate\Database\Connectors\Connector.php:66
  2   vendor\laravel\framework\src\Illuminate\Database\Connectors\Connector.php:85

  ────────────────────────────────────────────────────────────────────────────  
   FAILED  Tests\Feature\Webhooks\WebhookTest > webhook secr…  QueryException   
  SQLSTATE[08006] [7] could not translate host name "postgresql" to address: Unknown host (Connection: pgsql, Host: postgresql, Port: 5432, Database: eye, SQL: select exists (select 1 from pg_class c, pg_namespace n where n.nspname = current_schema() and c.relname = 'migrations' and c.relkind in ('r', 'p') and n.oid = c.relnamespace))

  at vendor\laravel\framework\src\Illuminate\Database\Connectors\Connector.php:66
     62▕      */
     63▕     protected function createPdoConnection($dsn, $username, #[\SensitiveParameter] $password, $options)
     64▕     {
     65▕         return version_compare(PHP_VERSION, '8.4.0', '<')
  ➜  66▕             ? new PDO($dsn, $username, $password, $options)
     67▕             : PDO::connect($dsn, $username, $password, $options); /** @phpstan-ignore staticMethod.notFound (PHP 8.4) */
     68▕     }
     69▕ 
     70▕     /**

  1   vendor\laravel\framework\src\Illuminate\Database\Connectors\Connector.php:66
  2   vendor\laravel\framework\src\Illuminate\Database\Connectors\Connector.php:85

  ────────────────────────────────────────────────────────────────────────────  
   FAILED  Tests\Feature\Webhooks\WebhookTest > can update a…  QueryException   
  SQLSTATE[08006] [7] could not translate host name "postgresql" to address: Unknown host (Connection: pgsql, Host: postgresql, Port: 5432, Database: eye, SQL: select exists (select 1 from pg_class c, pg_namespace n where n.nspname = current_schema() and c.relname = 'migrations' and c.relkind in ('r', 'p') and n.oid = c.relnamespace))

  at vendor\laravel\framework\src\Illuminate\Database\Connectors\Connector.php:66
     62▕      */
     63▕     protected function createPdoConnection($dsn, $username, #[\SensitiveParameter] $password, $options)
     64▕     {
     65▕         return version_compare(PHP_VERSION, '8.4.0', '<')
  ➜  66▕             ? new PDO($dsn, $username, $password, $options)
     67▕             : PDO::connect($dsn, $username, $password, $options); /** @phpstan-ignore staticMethod.notFound (PHP 8.4) */
     68▕     }
     69▕ 
     70▕     /**

  1   vendor\laravel\framework\src\Illuminate\Database\Connectors\Connector.php:66
  2   vendor\laravel\framework\src\Illuminate\Database\Connectors\Connector.php:85

  ────────────────────────────────────────────────────────────────────────────  
   FAILED  Tests\Feature\Webhooks\WebhookTest > can delete a…  QueryException   
  SQLSTATE[08006] [7] could not translate host name "postgresql" to address: Unknown host (Connection: pgsql, Host: postgresql, Port: 5432, Database: eye, SQL: select exists (select 1 from pg_class c, pg_namespace n where n.nspname = current_schema() and c.relname = 'migrations' and c.relkind in ('r', 'p') and n.oid = c.relnamespace))

  at vendor\laravel\framework\src\Illuminate\Database\Connectors\Connector.php:66
     62▕      */
     63▕     protected function createPdoConnection($dsn, $username, #[\SensitiveParameter] $password, $options)
     64▕     {
     65▕         return version_compare(PHP_VERSION, '8.4.0', '<')
  ➜  66▕             ? new PDO($dsn, $username, $password, $options)
     67▕             : PDO::connect($dsn, $username, $password, $options); /** @phpstan-ignore staticMethod.notFound (PHP 8.4) */
     68▕     }
     69▕ 
     70▕     /**

  1   vendor\laravel\framework\src\Illuminate\Database\Connectors\Connector.php:66
  2   vendor\laravel\framework\src\Illuminate\Database\Connectors\Connector.php:85

  ────────────────────────────────────────────────────────────────────────────  
   FAILED  Tests\Feature\Webhooks\WebhookTest > cannot manag…  QueryException   
  SQLSTATE[08006] [7] could not translate host name "postgresql" to address: Unknown host (Connection: pgsql, Host: postgresql, Port: 5432, Database: eye, SQL: select exists (select 1 from pg_class c, pg_namespace n where n.nspname = current_schema() and c.relname = 'migrations' and c.relkind in ('r', 'p') and n.oid = c.relnamespace))

  at vendor\laravel\framework\src\Illuminate\Database\Connectors\Connector.php:66
     62▕      */
     63▕     protected function createPdoConnection($dsn, $username, #[\SensitiveParameter] $password, $options)
     64▕     {
     65▕         return version_compare(PHP_VERSION, '8.4.0', '<')
  ➜  66▕             ? new PDO($dsn, $username, $password, $options)
     67▕             : PDO::connect($dsn, $username, $password, $options); /** @phpstan-ignore staticMethod.notFound (PHP 8.4) */
     68▕     }
     69▕ 
     70▕     /**

  1   vendor\laravel\framework\src\Illuminate\Database\Connectors\Connector.php:66
  2   vendor\laravel\framework\src\Illuminate\Database\Connectors\Connector.php:85


  Tests:    99 failed, 1 skipped, 23 passed (28 assertions)
  Duration: 1586.19s

